{"label":"baseline","repeat":0,"position":"instant-win","mode":"fast","ms":138,"depth":1,"nps":0,"move":"H7","invalid":null,"timeout":false}
{"label":"baseline","repeat":0,"position":"instant-win","mode":"compare","ms":121,"depth":1,"nps":0,"move":"H7","invalid":null,"timeout":false}
{"label":"baseline","repeat":0,"position":"instant-win","mode":"precise","ms":114,"depth":1,"nps":0,"move":"H7","invalid":null,"timeout":false}
{"label":"baseline","repeat":0,"position":"instant-win","mode":"auto","ms":70,"depth":1,"nps":0,"move":"H7","invalid":null,"timeout":false}
{"label":"baseline","repeat":0,"position":"instant-win","mode":"deep15","ms":46,"depth":1,"nps":0,"move":"H7","invalid":null,"timeout":false}
{"label":"baseline","repeat":0,"position":"instant-win","mode":"deep25","ms":85,"depth":1,"nps":0,"move":"H7","invalid":null,"timeout":false}
{"label":"baseline","repeat":0,"position":"mandatory-block","mode":"fast","ms":49,"depth":1,"nps":0,"move":"H12","invalid":null,"timeout":false}
{"label":"baseline","repeat":0,"position":"mandatory-block","mode":"compare","ms":47,"depth":1,"nps":0,"move":"H12","invalid":null,"timeout":false}
{"label":"baseline","repeat":0,"position":"mandatory-block","mode":"precise","ms":48,"depth":1,"nps":0,"move":"H12","invalid":null,"timeout":false}
{"label":"baseline","repeat":0,"position":"mandatory-block","mode":"auto","ms":57,"depth":1,"nps":0,"move":"H12","invalid":null,"timeout":false}
{"label":"baseline","repeat":0,"position":"mandatory-block","mode":"deep15","ms":57,"depth":1,"nps":0,"move":"H12","invalid":null,"timeout":false}
{"label":"baseline","repeat":0,"position":"mandatory-block","mode":"deep25","ms":66,"depth":1,"nps":0,"move":"H12","invalid":null,"timeout":false}
{"label":"baseline","repeat":0,"position":"forcing-four","mode":"fast","ms":117,"depth":1,"nps":17,"move":"H7","invalid":null,"timeout":false}
{"label":"baseline","repeat":0,"position":"forcing-four","mode":"compare","ms":56,"depth":1,"nps":36,"move":"H7","invalid":null,"timeout":false}
{"label":"baseline","repeat":0,"position":"forcing-four","mode":"precise","ms":76,"depth":1,"nps":26,"move":"H7","invalid":null,"timeout":false}
{"label":"baseline","repeat":0,"position":"forcing-four","mode":"auto","ms":87,"depth":1,"nps":23,"move":"H7","invalid":null,"timeout":false}
{"label":"baseline","repeat":0,"position":"forcing-four","mode":"deep15","ms":145,"depth":1,"nps":14,"move":"H7","invalid":null,"timeout":false}
{"label":"baseline","repeat":0,"position":"forcing-four","mode":"deep25","ms":69,"depth":1,"nps":29,"move":"H7","invalid":null,"timeout":false}
{"label":"baseline","repeat":0,"position":"terminal","mode":"fast","ms":50,"depth":0,"nps":0,"move":null,"invalid":null,"timeout":false}
{"label":"baseline","repeat":0,"position":"terminal","mode":"compare","ms":50,"depth":0,"nps":0,"move":null,"invalid":null,"timeout":false}
{"label":"baseline","repeat":0,"position":"terminal","mode":"precise","ms":60,"depth":0,"nps":0,"move":null,"invalid":null,"timeout":false}
{"label":"baseline","repeat":0,"position":"terminal","mode":"auto","ms":74,"depth":0,"nps":0,"move":null,"invalid":null,"timeout":false}
{"label":"baseline","repeat":0,"position":"terminal","mode":"deep15","ms":63,"depth":0,"nps":0,"move":null,"invalid":null,"timeout":false}
{"label":"baseline","repeat":0,"position":"terminal","mode":"deep25","ms":61,"depth":0,"nps":0,"move":null,"invalid":null,"timeout":false}
{"label":"baseline","repeat":0,"position":"sixth-move","mode":"fast","ms":977,"depth":3,"nps":9145,"move":"G8","invalid":null,"timeout":false}
{"label":"baseline","repeat":0,"position":"sixth-move","mode":"compare","ms":3070,"depth":4,"nps":13555,"move":"I5","invalid":null,"timeout":false}
{"label":"baseline","repeat":0,"position":"sixth-move","mode":"precise","ms":8057,"depth":5,"nps":24308,"move":"I5","invalid":null,"timeout":false}
{"label":"baseline","repeat":0,"position":"sixth-move","mode":"auto","ms":11117,"depth":5,"nps":3116,"move":"G8","invalid":null,"timeout":false}
{"label":"baseline","repeat":0,"position":"sixth-move","mode":"deep15","ms":11126,"depth":5,"nps":3342,"move":"G8","invalid":null,"timeout":false}
{"label":"baseline","repeat":0,"position":"sixth-move","mode":"deep25","ms":18328,"depth":6,"nps":3401,"move":"F7","invalid":null,"timeout":false}
{"label":"baseline","repeat":0,"position":"quiet-middle","mode":"fast","ms":948,"depth":3,"nps":21951,"move":"F9","invalid":null,"timeout":false}
{"label":"baseline","repeat":0,"position":"quiet-middle","mode":"compare","ms":3048,"depth":4,"nps":30540,"move":"F9","invalid":null,"timeout":false}
{"label":"baseline","repeat":0,"position":"quiet-middle","mode":"precise","ms":8051,"depth":5,"nps":30143,"move":"F10","invalid":null,"timeout":false}
{"label":"baseline","repeat":0,"position":"quiet-middle","mode":"auto","ms":11169,"depth":5,"nps":2183,"move":"F9","invalid":null,"timeout":false}
{"label":"baseline","repeat":0,"position":"quiet-middle","mode":"deep15","ms":11167,"depth":5,"nps":2184,"move":"F9","invalid":null,"timeout":false}
{"label":"baseline","repeat":0,"position":"quiet-middle","mode":"deep25","ms":18364,"depth":6,"nps":2617,"move":"F9","invalid":null,"timeout":false}
{"label":"baseline","repeat":0,"position":"known-refutations","mode":"fast","ms":978,"depth":0,"nps":31176,"move":"J8","invalid":null,"timeout":false}
{"label":"baseline","repeat":0,"position":"known-refutations","mode":"compare","ms":3062,"depth":0,"nps":26793,"move":"J8","invalid":null,"timeout":false}
{"label":"baseline","repeat":0,"position":"known-refutations","mode":"precise","ms":8062,"depth":0,"nps":29226,"move":"J8","invalid":null,"timeout":false}
{"label":"baseline","repeat":0,"position":"known-refutations","mode":"auto","ms":2611,"depth":0,"nps":443,"move":"H5","invalid":null,"timeout":false}
{"label":"baseline","repeat":0,"position":"known-refutations","mode":"deep15","ms":2641,"depth":0,"nps":438,"move":"H5","invalid":null,"timeout":false}
{"label":"baseline","repeat":0,"position":"known-refutations","mode":"deep25","ms":2599,"depth":0,"nps":446,"move":"H5","invalid":null,"timeout":false}
{"label":"baseline","repeat":0,"position":"wide-middle","mode":"fast","ms":951,"depth":1,"nps":40846,"move":"L9","invalid":null,"timeout":false}
{"label":"baseline","repeat":0,"position":"wide-middle","mode":"compare","ms":1415,"depth":2,"nps":32057,"move":"L9","invalid":null,"timeout":false}
{"label":"baseline","repeat":0,"position":"wide-middle","mode":"precise","ms":1241,"depth":2,"nps":39969,"move":"L9","invalid":null,"timeout":false}
{"label":"baseline","repeat":0,"position":"wide-middle","mode":"auto","ms":10928,"depth":6,"nps":2505,"move":"M9","invalid":null,"timeout":false}
{"label":"baseline","repeat":0,"position":"wide-middle","mode":"deep15","ms":10921,"depth":6,"nps":2593,"move":"M9","invalid":null,"timeout":false}
{"label":"baseline","repeat":0,"position":"wide-middle","mode":"deep25","ms":18132,"depth":6,"nps":3114,"move":"M9","invalid":null,"timeout":false}
{"label":"baseline","repeat":0,"position":"complex-middle","mode":"fast","ms":193,"depth":3,"nps":10615,"move":"G6","invalid":null,"timeout":false}
{"label":"baseline","repeat":0,"position":"complex-middle","mode":"compare","ms":187,"depth":3,"nps":10990,"move":"G6","invalid":null,"timeout":false}
{"label":"baseline","repeat":0,"position":"complex-middle","mode":"precise","ms":154,"depth":3,"nps":13323,"move":"G6","invalid":null,"timeout":false}
{"label":"baseline","repeat":0,"position":"complex-middle","mode":"auto","ms":190,"depth":3,"nps":10834,"move":"G6","invalid":null,"timeout":false}
{"label":"baseline","repeat":0,"position":"complex-middle","mode":"deep15","ms":179,"depth":3,"nps":11489,"move":"G6","invalid":null,"timeout":false}
{"label":"baseline","repeat":0,"position":"complex-middle","mode":"deep25","ms":178,"depth":3,"nps":11534,"move":"G6","invalid":null,"timeout":false}
{"label":"baseline","repeat":0,"position":"forbidden-defense","mode":"fast","ms":42,"depth":1,"nps":0,"move":"I5","invalid":null,"timeout":false}
{"label":"baseline","repeat":0,"position":"forbidden-defense","mode":"compare","ms":58,"depth":1,"nps":0,"move":"I5","invalid":null,"timeout":false}
{"label":"baseline","repeat":0,"position":"forbidden-defense","mode":"precise","ms":62,"depth":1,"nps":0,"move":"I5","invalid":null,"timeout":false}
{"label":"baseline","repeat":0,"position":"forbidden-defense","mode":"auto","ms":56,"depth":1,"nps":0,"move":"I5","invalid":null,"timeout":false}
{"label":"baseline","repeat":0,"position":"forbidden-defense","mode":"deep15","ms":39,"depth":1,"nps":0,"move":"I5","invalid":null,"timeout":false}
{"label":"baseline","repeat":0,"position":"forbidden-defense","mode":"deep25","ms":43,"depth":1,"nps":0,"move":"I5","invalid":null,"timeout":false}
{"label":"baseline","repeat":1,"position":"instant-win","mode":"fast","ms":53,"depth":1,"nps":0,"move":"H7","invalid":null,"timeout":false}
{"label":"baseline","repeat":1,"position":"instant-win","mode":"compare","ms":68,"depth":1,"nps":0,"move":"H7","invalid":null,"timeout":false}
{"label":"baseline","repeat":1,"position":"instant-win","mode":"precise","ms":54,"depth":1,"nps":0,"move":"H7","invalid":null,"timeout":false}
{"label":"baseline","repeat":1,"position":"instant-win","mode":"auto","ms":50,"depth":1,"nps":0,"move":"H7","invalid":null,"timeout":false}
{"label":"baseline","repeat":1,"position":"instant-win","mode":"deep15","ms":56,"depth":1,"nps":0,"move":"H7","invalid":null,"timeout":false}
{"label":"baseline","repeat":1,"position":"instant-win","mode":"deep25","ms":50,"depth":1,"nps":0,"move":"H7","invalid":null,"timeout":false}
{"label":"baseline","repeat":1,"position":"mandatory-block","mode":"fast","ms":69,"depth":1,"nps":0,"move":"H12","invalid":null,"timeout":false}
{"label":"baseline","repeat":1,"position":"mandatory-block","mode":"compare","ms":56,"depth":1,"nps":0,"move":"H12","invalid":null,"timeout":false}
{"label":"baseline","repeat":1,"position":"mandatory-block","mode":"precise","ms":35,"depth":1,"nps":0,"move":"H12","invalid":null,"timeout":false}
{"label":"baseline","repeat":1,"position":"mandatory-block","mode":"auto","ms":44,"depth":1,"nps":0,"move":"H12","invalid":null,"timeout":false}
{"label":"baseline","repeat":1,"position":"mandatory-block","mode":"deep15","ms":34,"depth":1,"nps":0,"move":"H12","invalid":null,"timeout":false}
{"label":"baseline","repeat":1,"position":"mandatory-block","mode":"deep25","ms":42,"depth":1,"nps":0,"move":"H12","invalid":null,"timeout":false}
{"label":"baseline","repeat":1,"position":"forcing-four","mode":"fast","ms":55,"depth":1,"nps":36,"move":"H7","invalid":null,"timeout":false}
{"label":"baseline","repeat":1,"position":"forcing-four","mode":"compare","ms":56,"depth":1,"nps":36,"move":"H7","invalid":null,"timeout":false}
{"label":"baseline","repeat":1,"position":"forcing-four","mode":"precise","ms":47,"depth":1,"nps":42,"move":"H7","invalid":null,"timeout":false}
{"label":"baseline","repeat":1,"position":"forcing-four","mode":"auto","ms":53,"depth":1,"nps":38,"move":"H7","invalid":null,"timeout":false}
{"label":"baseline","repeat":1,"position":"forcing-four","mode":"deep15","ms":48,"depth":1,"nps":42,"move":"H7","invalid":null,"timeout":false}
{"label":"baseline","repeat":1,"position":"forcing-four","mode":"deep25","ms":56,"depth":1,"nps":36,"move":"H7","invalid":null,"timeout":false}
{"label":"baseline","repeat":1,"position":"terminal","mode":"fast","ms":34,"depth":0,"nps":0,"move":null,"invalid":null,"timeout":false}
{"label":"baseline","repeat":1,"position":"terminal","mode":"compare","ms":35,"depth":0,"nps":0,"move":null,"invalid":null,"timeout":false}
{"label":"baseline","repeat":1,"position":"terminal","mode":"precise","ms":31,"depth":0,"nps":0,"move":null,"invalid":null,"timeout":false}
{"label":"baseline","repeat":1,"position":"terminal","mode":"auto","ms":38,"depth":0,"nps":0,"move":null,"invalid":null,"timeout":false}
{"label":"baseline","repeat":1,"position":"terminal","mode":"deep15","ms":35,"depth":0,"nps":0,"move":null,"invalid":null,"timeout":false}
{"label":"baseline","repeat":1,"position":"terminal","mode":"deep25","ms":33,"depth":0,"nps":0,"move":null,"invalid":null,"timeout":false}
{"label":"baseline","repeat":1,"position":"sixth-move","mode":"fast","ms":948,"depth":3,"nps":22397,"move":"G8","invalid":null,"timeout":false}
{"label":"baseline","repeat":1,"position":"sixth-move","mode":"compare","ms":3050,"depth":4,"nps":20586,"move":"I5","invalid":null,"timeout":false}
{"label":"baseline","repeat":1,"position":"sixth-move","mode":"precise","ms":8054,"depth":5,"nps":30996,"move":"I5","invalid":null,"timeout":false}
{"label":"baseline","repeat":1,"position":"sixth-move","mode":"auto","ms":11118,"depth":5,"nps":3573,"move":"G8","invalid":null,"timeout":false}
{"label":"baseline","repeat":1,"position":"sixth-move","mode":"deep15","ms":11120,"depth":5,"nps":3230,"move":"G8","invalid":null,"timeout":false}
{"label":"baseline","repeat":1,"position":"sixth-move","mode":"deep25","ms":18332,"depth":6,"nps":3940,"move":"F7","invalid":null,"timeout":false}
{"label":"baseline","repeat":1,"position":"quiet-middle","mode":"fast","ms":943,"depth":3,"nps":26965,"move":"F9","invalid":null,"timeout":false}
{"label":"baseline","repeat":1,"position":"quiet-middle","mode":"compare","ms":3051,"depth":4,"nps":34007,"move":"F9","invalid":null,"timeout":false}
{"label":"baseline","repeat":1,"position":"quiet-middle","mode":"precise","ms":8043,"depth":5,"nps":48347,"move":"F10","invalid":null,"timeout":false}
{"label":"baseline","repeat":1,"position":"quiet-middle","mode":"auto","ms":11157,"depth":5,"nps":2733,"move":"F9","invalid":null,"timeout":false}
{"label":"baseline","repeat":1,"position":"quiet-middle","mode":"deep15","ms":11149,"depth":5,"nps":2766,"move":"F9","invalid":null,"timeout":false}
{"label":"baseline","repeat":1,"position":"quiet-middle","mode":"deep25","ms":18346,"depth":6,"nps":3463,"move":"F9","invalid":null,"timeout":false}
{"label":"baseline","repeat":1,"position":"known-refutations","mode":"fast","ms":951,"depth":0,"nps":48965,"move":"J8","invalid":null,"timeout":false}
{"label":"baseline","repeat":1,"position":"known-refutations","mode":"compare","ms":3048,"depth":0,"nps":31307,"move":"J8","invalid":null,"timeout":false}
{"label":"baseline","repeat":1,"position":"known-refutations","mode":"precise","ms":8048,"depth":0,"nps":40101,"move":"J8","invalid":null,"timeout":false}
{"label":"baseline","repeat":1,"position":"known-refutations","mode":"auto","ms":2511,"depth":0,"nps":461,"move":"H5","invalid":null,"timeout":false}
{"label":"baseline","repeat":1,"position":"known-refutations","mode":"deep15","ms":2491,"depth":0,"nps":465,"move":"H5","invalid":null,"timeout":false}
{"label":"baseline","repeat":1,"position":"known-refutations","mode":"deep25","ms":2506,"depth":0,"nps":462,"move":"H5","invalid":null,"timeout":false}
{"label":"baseline","repeat":1,"position":"wide-middle","mode":"fast","ms":942,"depth":1,"nps":56485,"move":"L9","invalid":null,"timeout":false}
{"label":"baseline","repeat":1,"position":"wide-middle","mode":"compare","ms":1063,"depth":2,"nps":50781,"move":"L9","invalid":null,"timeout":false}
{"label":"baseline","repeat":1,"position":"wide-middle","mode":"precise","ms":1059,"depth":2,"nps":52052,"move":"L9","invalid":null,"timeout":false}
{"label":"baseline","repeat":1,"position":"wide-middle","mode":"auto","ms":10854,"depth":6,"nps":3608,"move":"M9","invalid":null,"timeout":false}
{"label":"baseline","repeat":1,"position":"wide-middle","mode":"deep15","ms":10860,"depth":6,"nps":3311,"move":"M9","invalid":null,"timeout":false}
{"label":"baseline","repeat":1,"position":"wide-middle","mode":"deep25","ms":18060,"depth":6,"nps":4318,"move":"M9","invalid":null,"timeout":false}
{"label":"baseline","repeat":1,"position":"complex-middle","mode":"fast","ms":92,"depth":3,"nps":22413,"move":"G6","invalid":null,"timeout":false}
{"label":"baseline","repeat":1,"position":"complex-middle","mode":"compare","ms":92,"depth":3,"nps":22339,"move":"G6","invalid":null,"timeout":false}
{"label":"baseline","repeat":1,"position":"complex-middle","mode":"precise","ms":89,"depth":3,"nps":23093,"move":"G6","invalid":null,"timeout":false}
{"label":"baseline","repeat":1,"position":"complex-middle","mode":"auto","ms":96,"depth":3,"nps":21475,"move":"G6","invalid":null,"timeout":false}
{"label":"baseline","repeat":1,"position":"complex-middle","mode":"deep15","ms":85,"depth":3,"nps":24040,"move":"G6","invalid":null,"timeout":false}
{"label":"baseline","repeat":1,"position":"complex-middle","mode":"deep25","ms":87,"depth":3,"nps":23490,"move":"G6","invalid":null,"timeout":false}
{"label":"baseline","repeat":1,"position":"forbidden-defense","mode":"fast","ms":37,"depth":1,"nps":0,"move":"I5","invalid":null,"timeout":false}
{"label":"baseline","repeat":1,"position":"forbidden-defense","mode":"compare","ms":35,"depth":1,"nps":0,"move":"I5","invalid":null,"timeout":false}
{"label":"baseline","repeat":1,"position":"forbidden-defense","mode":"precise","ms":38,"depth":1,"nps":0,"move":"I5","invalid":null,"timeout":false}
{"label":"baseline","repeat":1,"position":"forbidden-defense","mode":"auto","ms":35,"depth":1,"nps":0,"move":"I5","invalid":null,"timeout":false}
{"label":"baseline","repeat":1,"position":"forbidden-defense","mode":"deep15","ms":36,"depth":1,"nps":0,"move":"I5","invalid":null,"timeout":false}
{"label":"baseline","repeat":1,"position":"forbidden-defense","mode":"deep25","ms":35,"depth":1,"nps":0,"move":"I5","invalid":null,"timeout":false}
{"label":"baseline","repeat":2,"position":"instant-win","mode":"fast","ms":33,"depth":1,"nps":0,"move":"H7","invalid":null,"timeout":false}
{"label":"baseline","repeat":2,"position":"instant-win","mode":"compare","ms":32,"depth":1,"nps":0,"move":"H7","invalid":null,"timeout":false}
{"label":"baseline","repeat":2,"position":"instant-win","mode":"precise","ms":32,"depth":1,"nps":0,"move":"H7","invalid":null,"timeout":false}
{"label":"baseline","repeat":2,"position":"instant-win","mode":"auto","ms":38,"depth":1,"nps":0,"move":"H7","invalid":null,"timeout":false}
{"label":"baseline","repeat":2,"position":"instant-win","mode":"deep15","ms":64,"depth":1,"nps":0,"move":"H7","invalid":null,"timeout":false}
{"label":"baseline","repeat":2,"position":"instant-win","mode":"deep25","ms":80,"depth":1,"nps":0,"move":"H7","invalid":null,"timeout":false}
{"label":"baseline","repeat":2,"position":"mandatory-block","mode":"fast","ms":53,"depth":1,"nps":0,"move":"H12","invalid":null,"timeout":false}
{"label":"baseline","repeat":2,"position":"mandatory-block","mode":"compare","ms":50,"depth":1,"nps":0,"move":"H12","invalid":null,"timeout":false}
{"label":"baseline","repeat":2,"position":"mandatory-block","mode":"precise","ms":33,"depth":1,"nps":0,"move":"H12","invalid":null,"timeout":false}
{"label":"baseline","repeat":2,"position":"mandatory-block","mode":"auto","ms":38,"depth":1,"nps":0,"move":"H12","invalid":null,"timeout":false}
{"label":"baseline","repeat":2,"position":"mandatory-block","mode":"deep15","ms":32,"depth":1,"nps":0,"move":"H12","invalid":null,"timeout":false}
{"label":"baseline","repeat":2,"position":"mandatory-block","mode":"deep25","ms":37,"depth":1,"nps":0,"move":"H12","invalid":null,"timeout":false}
{"label":"baseline","repeat":2,"position":"forcing-four","mode":"fast","ms":54,"depth":1,"nps":37,"move":"H7","invalid":null,"timeout":false}
{"label":"baseline","repeat":2,"position":"forcing-four","mode":"compare","ms":43,"depth":1,"nps":46,"move":"H7","invalid":null,"timeout":false}
{"label":"baseline","repeat":2,"position":"forcing-four","mode":"precise","ms":143,"depth":1,"nps":14,"move":"H7","invalid":null,"timeout":false}
{"label":"baseline","repeat":2,"position":"forcing-four","mode":"auto","ms":50,"depth":1,"nps":40,"move":"H7","invalid":null,"timeout":false}
{"label":"baseline","repeat":2,"position":"forcing-four","mode":"deep15","ms":51,"depth":1,"nps":40,"move":"H7","invalid":null,"timeout":false}
{"label":"baseline","repeat":2,"position":"forcing-four","mode":"deep25","ms":42,"depth":1,"nps":48,"move":"H7","invalid":null,"timeout":false}
{"label":"baseline","repeat":2,"position":"terminal","mode":"fast","ms":34,"depth":0,"nps":0,"move":null,"invalid":null,"timeout":false}
{"label":"baseline","repeat":2,"position":"terminal","mode":"compare","ms":27,"depth":0,"nps":0,"move":null,"invalid":null,"timeout":false}
{"label":"baseline","repeat":2,"position":"terminal","mode":"precise","ms":30,"depth":0,"nps":0,"move":null,"invalid":null,"timeout":false}
{"label":"baseline","repeat":2,"position":"terminal","mode":"auto","ms":33,"depth":0,"nps":0,"move":null,"invalid":null,"timeout":false}
{"label":"baseline","repeat":2,"position":"terminal","mode":"deep15","ms":30,"depth":0,"nps":0,"move":null,"invalid":null,"timeout":false}
{"label":"baseline","repeat":2,"position":"terminal","mode":"deep25","ms":31,"depth":0,"nps":0,"move":null,"invalid":null,"timeout":false}
{"label":"baseline","repeat":2,"position":"sixth-move","mode":"fast","ms":940,"depth":3,"nps":26415,"move":"G8","invalid":null,"timeout":false}
{"label":"baseline","repeat":2,"position":"sixth-move","mode":"compare","ms":3037,"depth":4,"nps":23680,"move":"I5","invalid":null,"timeout":false}
{"label":"baseline","repeat":2,"position":"sixth-move","mode":"precise","ms":8041,"depth":5,"nps":40148,"move":"I5","invalid":null,"timeout":false}
{"label":"baseline","repeat":2,"position":"sixth-move","mode":"auto","ms":11123,"depth":5,"nps":4330,"move":"G8","invalid":null,"timeout":false}
{"label":"baseline","repeat":2,"position":"sixth-move","mode":"deep15","ms":11111,"depth":5,"nps":4392,"move":"G8","invalid":null,"timeout":false}
{"label":"baseline","repeat":2,"position":"sixth-move","mode":"deep25","ms":18318,"depth":6,"nps":4622,"move":"F7","invalid":null,"timeout":false}
{"label":"baseline","repeat":2,"position":"quiet-middle","mode":"fast","ms":943,"depth":3,"nps":32548,"move":"F9","invalid":null,"timeout":false}
{"label":"baseline","repeat":2,"position":"quiet-middle","mode":"compare","ms":3038,"depth":4,"nps":36873,"move":"F9","invalid":null,"timeout":false}
{"label":"baseline","repeat":2,"position":"quiet-middle","mode":"precise","ms":8040,"depth":5,"nps":49341,"move":"F10","invalid":null,"timeout":false}
{"label":"baseline","repeat":2,"position":"quiet-middle","mode":"auto","ms":11155,"depth":5,"nps":2786,"move":"F9","invalid":null,"timeout":false}
{"label":"baseline","repeat":2,"position":"quiet-middle","mode":"deep15","ms":11151,"depth":5,"nps":2835,"move":"F9","invalid":null,"timeout":false}
{"label":"baseline","repeat":2,"position":"quiet-middle","mode":"deep25","ms":18340,"depth":6,"nps":3502,"move":"F9","invalid":null,"timeout":false}
{"label":"baseline","repeat":2,"position":"known-refutations","mode":"fast","ms":951,"depth":0,"nps":48516,"move":"J8","invalid":null,"timeout":false}
{"label":"baseline","repeat":2,"position":"known-refutations","mode":"compare","ms":3048,"depth":0,"nps":32164,"move":"J8","invalid":null,"timeout":false}
{"label":"baseline","repeat":2,"position":"known-refutations","mode":"precise","ms":8048,"depth":0,"nps":43342,"move":"J8","invalid":null,"timeout":false}
{"label":"baseline","repeat":2,"position":"known-refutations","mode":"auto","ms":2485,"depth":0,"nps":466,"move":"H5","invalid":null,"timeout":false}
{"label":"baseline","repeat":2,"position":"known-refutations","mode":"deep15","ms":2478,"depth":0,"nps":467,"move":"H5","invalid":null,"timeout":false}
{"label":"baseline","repeat":2,"position":"known-refutations","mode":"deep25","ms":2494,"depth":0,"nps":464,"move":"H5","invalid":null,"timeout":false}
{"label":"baseline","repeat":2,"position":"wide-middle","mode":"fast","ms":941,"depth":1,"nps":57082,"move":"L9","invalid":null,"timeout":false}
{"label":"baseline","repeat":2,"position":"wide-middle","mode":"compare","ms":1038,"depth":2,"nps":53723,"move":"L9","invalid":null,"timeout":false}
{"label":"baseline","repeat":2,"position":"wide-middle","mode":"precise","ms":1040,"depth":2,"nps":53394,"move":"L9","invalid":null,"timeout":false}
{"label":"baseline","repeat":2,"position":"wide-middle","mode":"auto","ms":10849,"depth":6,"nps":3817,"move":"M9","invalid":null,"timeout":false}
{"label":"baseline","repeat":2,"position":"wide-middle","mode":"deep15","ms":10851,"depth":6,"nps":3808,"move":"M9","invalid":null,"timeout":false}
{"label":"baseline","repeat":2,"position":"wide-middle","mode":"deep25","ms":18047,"depth":6,"nps":4389,"move":"M9","invalid":null,"timeout":false}
{"label":"baseline","repeat":2,"position":"complex-middle","mode":"fast","ms":92,"depth":3,"nps":22413,"move":"G6","invalid":null,"timeout":false}
{"label":"baseline","repeat":2,"position":"complex-middle","mode":"compare","ms":88,"depth":3,"nps":23356,"move":"G6","invalid":null,"timeout":false}
{"label":"baseline","repeat":2,"position":"complex-middle","mode":"precise","ms":97,"depth":3,"nps":21100,"move":"G6","invalid":null,"timeout":false}
{"label":"baseline","repeat":2,"position":"complex-middle","mode":"auto","ms":98,"depth":3,"nps":20992,"move":"G6","invalid":null,"timeout":false}
{"label":"baseline","repeat":2,"position":"complex-middle","mode":"deep15","ms":88,"depth":3,"nps":23383,"move":"G6","invalid":null,"timeout":false}
{"label":"baseline","repeat":2,"position":"complex-middle","mode":"deep25","ms":88,"depth":3,"nps":23250,"move":"G6","invalid":null,"timeout":false}
{"label":"baseline","repeat":2,"position":"forbidden-defense","mode":"fast","ms":39,"depth":1,"nps":0,"move":"I5","invalid":null,"timeout":false}
{"label":"baseline","repeat":2,"position":"forbidden-defense","mode":"compare","ms":37,"depth":1,"nps":0,"move":"I5","invalid":null,"timeout":false}
{"label":"baseline","repeat":2,"position":"forbidden-defense","mode":"precise","ms":37,"depth":1,"nps":0,"move":"I5","invalid":null,"timeout":false}
{"label":"baseline","repeat":2,"position":"forbidden-defense","mode":"auto","ms":43,"depth":1,"nps":0,"move":"I5","invalid":null,"timeout":false}
{"label":"baseline","repeat":2,"position":"forbidden-defense","mode":"deep15","ms":38,"depth":1,"nps":0,"move":"I5","invalid":null,"timeout":false}
{"label":"baseline","repeat":2,"position":"forbidden-defense","mode":"deep25","ms":37,"depth":1,"nps":0,"move":"I5","invalid":null,"timeout":false}
