{"label":"cycle2","repeat":0,"position":"instant-win","mode":"fast","ms":51,"depth":1,"nps":0,"move":"H7","invalid":null,"timeout":false}
{"label":"cycle2","repeat":0,"position":"instant-win","mode":"compare","ms":60,"depth":1,"nps":0,"move":"H7","invalid":null,"timeout":false}
{"label":"cycle2","repeat":0,"position":"instant-win","mode":"precise","ms":38,"depth":1,"nps":0,"move":"H7","invalid":null,"timeout":false}
{"label":"cycle2","repeat":0,"position":"instant-win","mode":"auto","ms":60,"depth":1,"nps":0,"move":"H7","invalid":null,"timeout":false}
{"label":"cycle2","repeat":0,"position":"instant-win","mode":"deep15","ms":37,"depth":1,"nps":0,"move":"H7","invalid":null,"timeout":false}
{"label":"cycle2","repeat":0,"position":"instant-win","mode":"deep25","ms":39,"depth":1,"nps":0,"move":"H7","invalid":null,"timeout":false}
{"label":"cycle2","repeat":0,"position":"mandatory-block","mode":"fast","ms":39,"depth":1,"nps":0,"move":"H12","invalid":null,"timeout":false}
{"label":"cycle2","repeat":0,"position":"mandatory-block","mode":"compare","ms":39,"depth":1,"nps":0,"move":"H12","invalid":null,"timeout":false}
{"label":"cycle2","repeat":0,"position":"mandatory-block","mode":"precise","ms":47,"depth":1,"nps":0,"move":"H12","invalid":null,"timeout":false}
{"label":"cycle2","repeat":0,"position":"mandatory-block","mode":"auto","ms":52,"depth":1,"nps":0,"move":"H12","invalid":null,"timeout":false}
{"label":"cycle2","repeat":0,"position":"mandatory-block","mode":"deep15","ms":49,"depth":1,"nps":0,"move":"H12","invalid":null,"timeout":false}
{"label":"cycle2","repeat":0,"position":"mandatory-block","mode":"deep25","ms":51,"depth":1,"nps":20,"move":"H12","invalid":null,"timeout":false}
{"label":"cycle2","repeat":0,"position":"forcing-four","mode":"fast","ms":53,"depth":1,"nps":38,"move":"H7","invalid":null,"timeout":false}
{"label":"cycle2","repeat":0,"position":"forcing-four","mode":"compare","ms":55,"depth":1,"nps":36,"move":"H7","invalid":null,"timeout":false}
{"label":"cycle2","repeat":0,"position":"forcing-four","mode":"precise","ms":53,"depth":1,"nps":38,"move":"H7","invalid":null,"timeout":false}
{"label":"cycle2","repeat":0,"position":"forcing-four","mode":"auto","ms":54,"depth":1,"nps":37,"move":"H7","invalid":null,"timeout":false}
{"label":"cycle2","repeat":0,"position":"forcing-four","mode":"deep15","ms":49,"depth":1,"nps":41,"move":"H7","invalid":null,"timeout":false}
{"label":"cycle2","repeat":0,"position":"forcing-four","mode":"deep25","ms":49,"depth":1,"nps":41,"move":"H7","invalid":null,"timeout":false}
{"label":"cycle2","repeat":0,"position":"terminal","mode":"fast","ms":43,"depth":0,"nps":0,"move":null,"invalid":null,"timeout":false}
{"label":"cycle2","repeat":0,"position":"terminal","mode":"compare","ms":36,"depth":0,"nps":0,"move":null,"invalid":null,"timeout":false}
{"label":"cycle2","repeat":0,"position":"terminal","mode":"precise","ms":33,"depth":0,"nps":0,"move":null,"invalid":null,"timeout":false}
{"label":"cycle2","repeat":0,"position":"terminal","mode":"auto","ms":41,"depth":0,"nps":0,"move":null,"invalid":null,"timeout":false}
{"label":"cycle2","repeat":0,"position":"terminal","mode":"deep15","ms":38,"depth":0,"nps":0,"move":null,"invalid":null,"timeout":false}
{"label":"cycle2","repeat":0,"position":"terminal","mode":"deep25","ms":46,"depth":0,"nps":0,"move":null,"invalid":null,"timeout":false}
{"label":"cycle2","repeat":0,"position":"sixth-move","mode":"fast","ms":900,"depth":3,"nps":21958,"move":"G8","invalid":null,"timeout":false}
{"label":"cycle2","repeat":0,"position":"sixth-move","mode":"compare","ms":2865,"depth":4,"nps":22901,"move":"I5","invalid":null,"timeout":false}
{"label":"cycle2","repeat":0,"position":"sixth-move","mode":"precise","ms":6621,"depth":5,"nps":39253,"move":"I5","invalid":null,"timeout":false}
{"label":"cycle2","repeat":0,"position":"sixth-move","mode":"auto","ms":13734,"depth":6,"nps":4357,"move":"F7","invalid":null,"timeout":false}
{"label":"cycle2","repeat":0,"position":"sixth-move","mode":"deep15","ms":13735,"depth":6,"nps":4482,"move":"F7","invalid":null,"timeout":false}
{"label":"cycle2","repeat":0,"position":"sixth-move","mode":"deep25","ms":13755,"depth":6,"nps":4350,"move":"F7","invalid":null,"timeout":false}
{"label":"cycle2","repeat":0,"position":"quiet-middle","mode":"fast","ms":883,"depth":3,"nps":31552,"move":"F9","invalid":null,"timeout":false}
{"label":"cycle2","repeat":0,"position":"quiet-middle","mode":"compare","ms":2860,"depth":4,"nps":37310,"move":"F9","invalid":null,"timeout":false}
{"label":"cycle2","repeat":0,"position":"quiet-middle","mode":"precise","ms":6621,"depth":5,"nps":43562,"move":"F10","invalid":null,"timeout":false}
{"label":"cycle2","repeat":0,"position":"quiet-middle","mode":"auto","ms":13742,"depth":6,"nps":3799,"move":"F9","invalid":null,"timeout":false}
{"label":"cycle2","repeat":0,"position":"quiet-middle","mode":"deep15","ms":13734,"depth":6,"nps":3827,"move":"F9","invalid":null,"timeout":false}
{"label":"cycle2","repeat":0,"position":"quiet-middle","mode":"deep25","ms":13882,"depth":6,"nps":3748,"move":"F9","invalid":null,"timeout":false}
{"label":"cycle2","repeat":0,"position":"known-refutations","mode":"fast","ms":884,"depth":0,"nps":53394,"move":"J8","invalid":null,"timeout":false}
{"label":"cycle2","repeat":0,"position":"known-refutations","mode":"compare","ms":2860,"depth":0,"nps":33668,"move":"J8","invalid":null,"timeout":false}
{"label":"cycle2","repeat":0,"position":"known-refutations","mode":"precise","ms":6622,"depth":0,"nps":43384,"move":"J8","invalid":null,"timeout":false}
{"label":"cycle2","repeat":0,"position":"known-refutations","mode":"auto","ms":2491,"depth":0,"nps":465,"move":"H5","invalid":null,"timeout":false}
{"label":"cycle2","repeat":0,"position":"known-refutations","mode":"deep15","ms":2473,"depth":0,"nps":468,"move":"H5","invalid":null,"timeout":false}
{"label":"cycle2","repeat":0,"position":"known-refutations","mode":"deep25","ms":2476,"depth":0,"nps":468,"move":"H5","invalid":null,"timeout":false}
{"label":"cycle2","repeat":0,"position":"wide-middle","mode":"fast","ms":880,"depth":1,"nps":56850,"move":"L9","invalid":null,"timeout":false}
{"label":"cycle2","repeat":0,"position":"wide-middle","mode":"compare","ms":1006,"depth":2,"nps":51380,"move":"L9","invalid":null,"timeout":false}
{"label":"cycle2","repeat":0,"position":"wide-middle","mode":"precise","ms":1009,"depth":2,"nps":51629,"move":"L9","invalid":null,"timeout":false}
{"label":"cycle2","repeat":0,"position":"wide-middle","mode":"auto","ms":10189,"depth":6,"nps":4054,"move":"M9","invalid":null,"timeout":false}
{"label":"cycle2","repeat":0,"position":"wide-middle","mode":"deep15","ms":10183,"depth":6,"nps":4075,"move":"M9","invalid":null,"timeout":false}
{"label":"cycle2","repeat":0,"position":"wide-middle","mode":"deep25","ms":10317,"depth":6,"nps":4067,"move":"M9","invalid":null,"timeout":false}
{"label":"cycle2","repeat":0,"position":"complex-middle","mode":"fast","ms":85,"depth":3,"nps":24040,"move":"G6","invalid":null,"timeout":false}
{"label":"cycle2","repeat":0,"position":"complex-middle","mode":"compare","ms":86,"depth":3,"nps":23817,"move":"G6","invalid":null,"timeout":false}
{"label":"cycle2","repeat":0,"position":"complex-middle","mode":"precise","ms":85,"depth":3,"nps":24267,"move":"G6","invalid":null,"timeout":false}
{"label":"cycle2","repeat":0,"position":"complex-middle","mode":"auto","ms":88,"depth":3,"nps":23436,"move":"G6","invalid":null,"timeout":false}
{"label":"cycle2","repeat":0,"position":"complex-middle","mode":"deep15","ms":84,"depth":3,"nps":24325,"move":"G6","invalid":null,"timeout":false}
{"label":"cycle2","repeat":0,"position":"complex-middle","mode":"deep25","ms":84,"depth":3,"nps":24587,"move":"G6","invalid":null,"timeout":false}
{"label":"cycle2","repeat":0,"position":"forbidden-defense","mode":"fast","ms":36,"depth":1,"nps":0,"move":"I5","invalid":null,"timeout":false}
{"label":"cycle2","repeat":0,"position":"forbidden-defense","mode":"compare","ms":34,"depth":1,"nps":0,"move":"I5","invalid":null,"timeout":false}
{"label":"cycle2","repeat":0,"position":"forbidden-defense","mode":"precise","ms":35,"depth":1,"nps":0,"move":"I5","invalid":null,"timeout":false}
{"label":"cycle2","repeat":0,"position":"forbidden-defense","mode":"auto","ms":39,"depth":1,"nps":0,"move":"I5","invalid":null,"timeout":false}
{"label":"cycle2","repeat":0,"position":"forbidden-defense","mode":"deep15","ms":35,"depth":1,"nps":0,"move":"I5","invalid":null,"timeout":false}
{"label":"cycle2","repeat":0,"position":"forbidden-defense","mode":"deep25","ms":35,"depth":1,"nps":0,"move":"I5","invalid":null,"timeout":false}
{"label":"cycle2","repeat":1,"position":"instant-win","mode":"fast","ms":33,"depth":1,"nps":0,"move":"H7","invalid":null,"timeout":false}
{"label":"cycle2","repeat":1,"position":"instant-win","mode":"compare","ms":31,"depth":1,"nps":0,"move":"H7","invalid":null,"timeout":false}
{"label":"cycle2","repeat":1,"position":"instant-win","mode":"precise","ms":31,"depth":1,"nps":0,"move":"H7","invalid":null,"timeout":false}
{"label":"cycle2","repeat":1,"position":"instant-win","mode":"auto","ms":33,"depth":1,"nps":0,"move":"H7","invalid":null,"timeout":false}
{"label":"cycle2","repeat":1,"position":"instant-win","mode":"deep15","ms":32,"depth":1,"nps":0,"move":"H7","invalid":null,"timeout":false}
{"label":"cycle2","repeat":1,"position":"instant-win","mode":"deep25","ms":31,"depth":1,"nps":0,"move":"H7","invalid":null,"timeout":false}
{"label":"cycle2","repeat":1,"position":"mandatory-block","mode":"fast","ms":33,"depth":1,"nps":0,"move":"H12","invalid":null,"timeout":false}
{"label":"cycle2","repeat":1,"position":"mandatory-block","mode":"compare","ms":32,"depth":1,"nps":0,"move":"H12","invalid":null,"timeout":false}
{"label":"cycle2","repeat":1,"position":"mandatory-block","mode":"precise","ms":32,"depth":1,"nps":0,"move":"H12","invalid":null,"timeout":false}
{"label":"cycle2","repeat":1,"position":"mandatory-block","mode":"auto","ms":37,"depth":1,"nps":0,"move":"H12","invalid":null,"timeout":false}
{"label":"cycle2","repeat":1,"position":"mandatory-block","mode":"deep15","ms":34,"depth":1,"nps":0,"move":"H12","invalid":null,"timeout":false}
{"label":"cycle2","repeat":1,"position":"mandatory-block","mode":"deep25","ms":33,"depth":1,"nps":30,"move":"H12","invalid":null,"timeout":false}
{"label":"cycle2","repeat":1,"position":"forcing-four","mode":"fast","ms":43,"depth":1,"nps":47,"move":"H7","invalid":null,"timeout":false}
{"label":"cycle2","repeat":1,"position":"forcing-four","mode":"compare","ms":44,"depth":1,"nps":45,"move":"H7","invalid":null,"timeout":false}
{"label":"cycle2","repeat":1,"position":"forcing-four","mode":"precise","ms":46,"depth":1,"nps":44,"move":"H7","invalid":null,"timeout":false}
{"label":"cycle2","repeat":1,"position":"forcing-four","mode":"auto","ms":46,"depth":1,"nps":43,"move":"H7","invalid":null,"timeout":false}
{"label":"cycle2","repeat":1,"position":"forcing-four","mode":"deep15","ms":44,"depth":1,"nps":45,"move":"H7","invalid":null,"timeout":false}
{"label":"cycle2","repeat":1,"position":"forcing-four","mode":"deep25","ms":45,"depth":1,"nps":45,"move":"H7","invalid":null,"timeout":false}
{"label":"cycle2","repeat":1,"position":"terminal","mode":"fast","ms":28,"depth":0,"nps":0,"move":null,"invalid":null,"timeout":false}
{"label":"cycle2","repeat":1,"position":"terminal","mode":"compare","ms":30,"depth":0,"nps":0,"move":null,"invalid":null,"timeout":false}
{"label":"cycle2","repeat":1,"position":"terminal","mode":"precise","ms":30,"depth":0,"nps":0,"move":null,"invalid":null,"timeout":false}
{"label":"cycle2","repeat":1,"position":"terminal","mode":"auto","ms":33,"depth":0,"nps":0,"move":null,"invalid":null,"timeout":false}
{"label":"cycle2","repeat":1,"position":"terminal","mode":"deep15","ms":30,"depth":0,"nps":0,"move":null,"invalid":null,"timeout":false}
{"label":"cycle2","repeat":1,"position":"terminal","mode":"deep25","ms":26,"depth":0,"nps":0,"move":null,"invalid":null,"timeout":false}
{"label":"cycle2","repeat":1,"position":"sixth-move","mode":"fast","ms":877,"depth":3,"nps":28575,"move":"G8","invalid":null,"timeout":false}
{"label":"cycle2","repeat":1,"position":"sixth-move","mode":"compare","ms":2855,"depth":4,"nps":25264,"move":"I5","invalid":null,"timeout":false}
{"label":"cycle2","repeat":1,"position":"sixth-move","mode":"precise","ms":6619,"depth":5,"nps":39534,"move":"I5","invalid":null,"timeout":false}
{"label":"cycle2","repeat":1,"position":"sixth-move","mode":"auto","ms":13736,"depth":6,"nps":4426,"move":"F7","invalid":null,"timeout":false}
{"label":"cycle2","repeat":1,"position":"sixth-move","mode":"deep15","ms":13733,"depth":6,"nps":4271,"move":"F7","invalid":null,"timeout":false}
{"label":"cycle2","repeat":1,"position":"sixth-move","mode":"deep25","ms":13749,"depth":6,"nps":4458,"move":"F7","invalid":null,"timeout":false}
{"label":"cycle2","repeat":1,"position":"quiet-middle","mode":"fast","ms":882,"depth":3,"nps":31448,"move":"F9","invalid":null,"timeout":false}
{"label":"cycle2","repeat":1,"position":"quiet-middle","mode":"compare","ms":2860,"depth":4,"nps":37476,"move":"F9","invalid":null,"timeout":false}
{"label":"cycle2","repeat":1,"position":"quiet-middle","mode":"precise","ms":6619,"depth":5,"nps":44875,"move":"F10","invalid":null,"timeout":false}
{"label":"cycle2","repeat":1,"position":"quiet-middle","mode":"auto","ms":13741,"depth":6,"nps":3849,"move":"F9","invalid":null,"timeout":false}
{"label":"cycle2","repeat":1,"position":"quiet-middle","mode":"deep15","ms":13734,"depth":6,"nps":3817,"move":"F9","invalid":null,"timeout":false}
{"label":"cycle2","repeat":1,"position":"quiet-middle","mode":"deep25","ms":13884,"depth":6,"nps":3790,"move":"F9","invalid":null,"timeout":false}
{"label":"cycle2","repeat":1,"position":"known-refutations","mode":"fast","ms":881,"depth":0,"nps":53814,"move":"J8","invalid":null,"timeout":false}
{"label":"cycle2","repeat":1,"position":"known-refutations","mode":"compare","ms":2860,"depth":0,"nps":33650,"move":"J8","invalid":null,"timeout":false}
{"label":"cycle2","repeat":1,"position":"known-refutations","mode":"precise","ms":6624,"depth":0,"nps":43298,"move":"J8","invalid":null,"timeout":false}
{"label":"cycle2","repeat":1,"position":"known-refutations","mode":"auto","ms":2472,"depth":0,"nps":468,"move":"H5","invalid":null,"timeout":false}
{"label":"cycle2","repeat":1,"position":"known-refutations","mode":"deep15","ms":2475,"depth":0,"nps":468,"move":"H5","invalid":null,"timeout":false}
{"label":"cycle2","repeat":1,"position":"known-refutations","mode":"deep25","ms":2497,"depth":0,"nps":464,"move":"H5","invalid":null,"timeout":false}
{"label":"cycle2","repeat":1,"position":"wide-middle","mode":"fast","ms":880,"depth":1,"nps":56990,"move":"L9","invalid":null,"timeout":false}
{"label":"cycle2","repeat":1,"position":"wide-middle","mode":"compare","ms":1001,"depth":2,"nps":52196,"move":"L9","invalid":null,"timeout":false}
{"label":"cycle2","repeat":1,"position":"wide-middle","mode":"precise","ms":1008,"depth":2,"nps":51706,"move":"L9","invalid":null,"timeout":false}
{"label":"cycle2","repeat":1,"position":"wide-middle","mode":"auto","ms":10185,"depth":6,"nps":3938,"move":"M9","invalid":null,"timeout":false}
{"label":"cycle2","repeat":1,"position":"wide-middle","mode":"deep15","ms":10191,"depth":6,"nps":4005,"move":"M9","invalid":null,"timeout":false}
{"label":"cycle2","repeat":1,"position":"wide-middle","mode":"deep25","ms":10325,"depth":6,"nps":4082,"move":"M9","invalid":null,"timeout":false}
{"label":"cycle2","repeat":1,"position":"complex-middle","mode":"fast","ms":90,"depth":3,"nps":22811,"move":"G6","invalid":null,"timeout":false}
{"label":"cycle2","repeat":1,"position":"complex-middle","mode":"compare","ms":86,"depth":3,"nps":24012,"move":"G6","invalid":null,"timeout":false}
{"label":"cycle2","repeat":1,"position":"complex-middle","mode":"precise","ms":83,"depth":3,"nps":24735,"move":"G6","invalid":null,"timeout":false}
{"label":"cycle2","repeat":1,"position":"complex-middle","mode":"auto","ms":85,"depth":3,"nps":24040,"move":"G6","invalid":null,"timeout":false}
{"label":"cycle2","repeat":1,"position":"complex-middle","mode":"deep15","ms":82,"depth":3,"nps":25159,"move":"G6","invalid":null,"timeout":false}
{"label":"cycle2","repeat":1,"position":"complex-middle","mode":"deep25","ms":85,"depth":3,"nps":24238,"move":"G6","invalid":null,"timeout":false}
{"label":"cycle2","repeat":1,"position":"forbidden-defense","mode":"fast","ms":36,"depth":1,"nps":0,"move":"I5","invalid":null,"timeout":false}
{"label":"cycle2","repeat":1,"position":"forbidden-defense","mode":"compare","ms":35,"depth":1,"nps":0,"move":"I5","invalid":null,"timeout":false}
{"label":"cycle2","repeat":1,"position":"forbidden-defense","mode":"precise","ms":35,"depth":1,"nps":0,"move":"I5","invalid":null,"timeout":false}
{"label":"cycle2","repeat":1,"position":"forbidden-defense","mode":"auto","ms":39,"depth":1,"nps":0,"move":"I5","invalid":null,"timeout":false}
{"label":"cycle2","repeat":1,"position":"forbidden-defense","mode":"deep15","ms":34,"depth":1,"nps":0,"move":"I5","invalid":null,"timeout":false}
{"label":"cycle2","repeat":1,"position":"forbidden-defense","mode":"deep25","ms":35,"depth":1,"nps":0,"move":"I5","invalid":null,"timeout":false}
{"label":"cycle2","repeat":2,"position":"instant-win","mode":"fast","ms":31,"depth":1,"nps":0,"move":"H7","invalid":null,"timeout":false}
{"label":"cycle2","repeat":2,"position":"instant-win","mode":"compare","ms":31,"depth":1,"nps":0,"move":"H7","invalid":null,"timeout":false}
{"label":"cycle2","repeat":2,"position":"instant-win","mode":"precise","ms":31,"depth":1,"nps":0,"move":"H7","invalid":null,"timeout":false}
{"label":"cycle2","repeat":2,"position":"instant-win","mode":"auto","ms":34,"depth":1,"nps":0,"move":"H7","invalid":null,"timeout":false}
{"label":"cycle2","repeat":2,"position":"instant-win","mode":"deep15","ms":32,"depth":1,"nps":0,"move":"H7","invalid":null,"timeout":false}
{"label":"cycle2","repeat":2,"position":"instant-win","mode":"deep25","ms":31,"depth":1,"nps":0,"move":"H7","invalid":null,"timeout":false}
{"label":"cycle2","repeat":2,"position":"mandatory-block","mode":"fast","ms":29,"depth":1,"nps":0,"move":"H12","invalid":null,"timeout":false}
{"label":"cycle2","repeat":2,"position":"mandatory-block","mode":"compare","ms":32,"depth":1,"nps":0,"move":"H12","invalid":null,"timeout":false}
{"label":"cycle2","repeat":2,"position":"mandatory-block","mode":"precise","ms":31,"depth":1,"nps":0,"move":"H12","invalid":null,"timeout":false}
{"label":"cycle2","repeat":2,"position":"mandatory-block","mode":"auto","ms":28,"depth":1,"nps":0,"move":"H12","invalid":null,"timeout":false}
{"label":"cycle2","repeat":2,"position":"mandatory-block","mode":"deep15","ms":31,"depth":1,"nps":0,"move":"H12","invalid":null,"timeout":false}
{"label":"cycle2","repeat":2,"position":"mandatory-block","mode":"deep25","ms":35,"depth":1,"nps":29,"move":"H12","invalid":null,"timeout":false}
{"label":"cycle2","repeat":2,"position":"forcing-four","mode":"fast","ms":43,"depth":1,"nps":47,"move":"H7","invalid":null,"timeout":false}
{"label":"cycle2","repeat":2,"position":"forcing-four","mode":"compare","ms":43,"depth":1,"nps":47,"move":"H7","invalid":null,"timeout":false}
{"label":"cycle2","repeat":2,"position":"forcing-four","mode":"precise","ms":43,"depth":1,"nps":47,"move":"H7","invalid":null,"timeout":false}
{"label":"cycle2","repeat":2,"position":"forcing-four","mode":"auto","ms":43,"depth":1,"nps":47,"move":"H7","invalid":null,"timeout":false}
{"label":"cycle2","repeat":2,"position":"forcing-four","mode":"deep15","ms":42,"depth":1,"nps":48,"move":"H7","invalid":null,"timeout":false}
{"label":"cycle2","repeat":2,"position":"forcing-four","mode":"deep25","ms":44,"depth":1,"nps":46,"move":"H7","invalid":null,"timeout":false}
{"label":"cycle2","repeat":2,"position":"terminal","mode":"fast","ms":30,"depth":0,"nps":0,"move":null,"invalid":null,"timeout":false}
{"label":"cycle2","repeat":2,"position":"terminal","mode":"compare","ms":30,"depth":0,"nps":0,"move":null,"invalid":null,"timeout":false}
{"label":"cycle2","repeat":2,"position":"terminal","mode":"precise","ms":23,"depth":0,"nps":0,"move":null,"invalid":null,"timeout":false}
{"label":"cycle2","repeat":2,"position":"terminal","mode":"auto","ms":33,"depth":0,"nps":0,"move":null,"invalid":null,"timeout":false}
{"label":"cycle2","repeat":2,"position":"terminal","mode":"deep15","ms":30,"depth":0,"nps":0,"move":null,"invalid":null,"timeout":false}
{"label":"cycle2","repeat":2,"position":"terminal","mode":"deep25","ms":30,"depth":0,"nps":0,"move":null,"invalid":null,"timeout":false}
{"label":"cycle2","repeat":2,"position":"sixth-move","mode":"fast","ms":877,"depth":3,"nps":28265,"move":"G8","invalid":null,"timeout":false}
{"label":"cycle2","repeat":2,"position":"sixth-move","mode":"compare","ms":2859,"depth":4,"nps":25116,"move":"I5","invalid":null,"timeout":false}
{"label":"cycle2","repeat":2,"position":"sixth-move","mode":"precise","ms":6620,"depth":5,"nps":39617,"move":"I5","invalid":null,"timeout":false}
{"label":"cycle2","repeat":2,"position":"sixth-move","mode":"auto","ms":13738,"depth":6,"nps":4423,"move":"F7","invalid":null,"timeout":false}
{"label":"cycle2","repeat":2,"position":"sixth-move","mode":"deep15","ms":13736,"depth":6,"nps":4294,"move":"F7","invalid":null,"timeout":false}
{"label":"cycle2","repeat":2,"position":"sixth-move","mode":"deep25","ms":13756,"depth":6,"nps":4473,"move":"F7","invalid":null,"timeout":false}
{"label":"cycle2","repeat":2,"position":"quiet-middle","mode":"fast","ms":881,"depth":3,"nps":31782,"move":"F9","invalid":null,"timeout":false}
{"label":"cycle2","repeat":2,"position":"quiet-middle","mode":"compare","ms":2858,"depth":4,"nps":37471,"move":"F9","invalid":null,"timeout":false}
{"label":"cycle2","repeat":2,"position":"quiet-middle","mode":"precise","ms":6620,"depth":5,"nps":45329,"move":"F10","invalid":null,"timeout":false}
{"label":"cycle2","repeat":2,"position":"quiet-middle","mode":"auto","ms":13741,"depth":6,"nps":3913,"move":"F9","invalid":null,"timeout":false}
{"label":"cycle2","repeat":2,"position":"quiet-middle","mode":"deep15","ms":13738,"depth":6,"nps":3862,"move":"F9","invalid":null,"timeout":false}
{"label":"cycle2","repeat":2,"position":"quiet-middle","mode":"deep25","ms":13879,"depth":6,"nps":3793,"move":"F9","invalid":null,"timeout":false}
{"label":"cycle2","repeat":2,"position":"known-refutations","mode":"fast","ms":875,"depth":0,"nps":54019,"move":"J8","invalid":null,"timeout":false}
{"label":"cycle2","repeat":2,"position":"known-refutations","mode":"compare","ms":2862,"depth":0,"nps":33286,"move":"J8","invalid":null,"timeout":false}
{"label":"cycle2","repeat":2,"position":"known-refutations","mode":"precise","ms":6621,"depth":0,"nps":42695,"move":"J8","invalid":null,"timeout":false}
{"label":"cycle2","repeat":2,"position":"known-refutations","mode":"auto","ms":2478,"depth":0,"nps":467,"move":"H5","invalid":null,"timeout":false}
{"label":"cycle2","repeat":2,"position":"known-refutations","mode":"deep15","ms":2521,"depth":0,"nps":459,"move":"H5","invalid":null,"timeout":false}
{"label":"cycle2","repeat":2,"position":"known-refutations","mode":"deep25","ms":2474,"depth":0,"nps":468,"move":"H5","invalid":null,"timeout":false}
{"label":"cycle2","repeat":2,"position":"wide-middle","mode":"fast","ms":878,"depth":2,"nps":57232,"move":"L9","invalid":null,"timeout":false}
{"label":"cycle2","repeat":2,"position":"wide-middle","mode":"compare","ms":1009,"depth":2,"nps":51138,"move":"L9","invalid":null,"timeout":false}
{"label":"cycle2","repeat":2,"position":"wide-middle","mode":"precise","ms":1007,"depth":2,"nps":51219,"move":"L9","invalid":null,"timeout":false}
{"label":"cycle2","repeat":2,"position":"wide-middle","mode":"auto","ms":10189,"depth":6,"nps":4122,"move":"M9","invalid":null,"timeout":false}
{"label":"cycle2","repeat":2,"position":"wide-middle","mode":"deep15","ms":10190,"depth":6,"nps":4219,"move":"M9","invalid":null,"timeout":false}
{"label":"cycle2","repeat":2,"position":"wide-middle","mode":"deep25","ms":10348,"depth":6,"nps":3903,"move":"M9","invalid":null,"timeout":false}
{"label":"cycle2","repeat":2,"position":"complex-middle","mode":"fast","ms":91,"depth":3,"nps":22660,"move":"G6","invalid":null,"timeout":false}
{"label":"cycle2","repeat":2,"position":"complex-middle","mode":"compare","ms":84,"depth":3,"nps":24470,"move":"G6","invalid":null,"timeout":false}
{"label":"cycle2","repeat":2,"position":"complex-middle","mode":"precise","ms":85,"depth":3,"nps":24238,"move":"G6","invalid":null,"timeout":false}
{"label":"cycle2","repeat":2,"position":"complex-middle","mode":"auto","ms":88,"depth":3,"nps":23250,"move":"G6","invalid":null,"timeout":false}
{"label":"cycle2","repeat":2,"position":"complex-middle","mode":"deep15","ms":85,"depth":3,"nps":24181,"move":"G6","invalid":null,"timeout":false}
{"label":"cycle2","repeat":2,"position":"complex-middle","mode":"deep25","ms":84,"depth":3,"nps":24557,"move":"G6","invalid":null,"timeout":false}
{"label":"cycle2","repeat":2,"position":"forbidden-defense","mode":"fast","ms":36,"depth":1,"nps":0,"move":"I5","invalid":null,"timeout":false}
{"label":"cycle2","repeat":2,"position":"forbidden-defense","mode":"compare","ms":34,"depth":1,"nps":0,"move":"I5","invalid":null,"timeout":false}
{"label":"cycle2","repeat":2,"position":"forbidden-defense","mode":"precise","ms":35,"depth":1,"nps":0,"move":"I5","invalid":null,"timeout":false}
{"label":"cycle2","repeat":2,"position":"forbidden-defense","mode":"auto","ms":40,"depth":1,"nps":0,"move":"I5","invalid":null,"timeout":false}
{"label":"cycle2","repeat":2,"position":"forbidden-defense","mode":"deep15","ms":34,"depth":1,"nps":0,"move":"I5","invalid":null,"timeout":false}
{"label":"cycle2","repeat":2,"position":"forbidden-defense","mode":"deep25","ms":34,"depth":1,"nps":0,"move":"I5","invalid":null,"timeout":false}
