{"label":"cycle1","repeat":0,"position":"instant-win","mode":"fast","ms":63,"depth":1,"nps":0,"move":"H7","invalid":null,"timeout":false}
{"label":"cycle1","repeat":0,"position":"instant-win","mode":"compare","ms":64,"depth":1,"nps":0,"move":"H7","invalid":null,"timeout":false}
{"label":"cycle1","repeat":0,"position":"instant-win","mode":"precise","ms":37,"depth":1,"nps":0,"move":"H7","invalid":null,"timeout":false}
{"label":"cycle1","repeat":0,"position":"instant-win","mode":"auto","ms":41,"depth":1,"nps":0,"move":"H7","invalid":null,"timeout":false}
{"label":"cycle1","repeat":0,"position":"instant-win","mode":"deep15","ms":35,"depth":1,"nps":0,"move":"H7","invalid":null,"timeout":false}
{"label":"cycle1","repeat":0,"position":"instant-win","mode":"deep25","ms":36,"depth":1,"nps":0,"move":"H7","invalid":null,"timeout":false}
{"label":"cycle1","repeat":0,"position":"mandatory-block","mode":"fast","ms":40,"depth":1,"nps":0,"move":"H12","invalid":null,"timeout":false}
{"label":"cycle1","repeat":0,"position":"mandatory-block","mode":"compare","ms":38,"depth":1,"nps":0,"move":"H12","invalid":null,"timeout":false}
{"label":"cycle1","repeat":0,"position":"mandatory-block","mode":"precise","ms":43,"depth":1,"nps":0,"move":"H12","invalid":null,"timeout":false}
{"label":"cycle1","repeat":0,"position":"mandatory-block","mode":"auto","ms":52,"depth":1,"nps":0,"move":"H12","invalid":null,"timeout":false}
{"label":"cycle1","repeat":0,"position":"mandatory-block","mode":"deep15","ms":41,"depth":1,"nps":0,"move":"H12","invalid":null,"timeout":false}
{"label":"cycle1","repeat":0,"position":"mandatory-block","mode":"deep25","ms":53,"depth":1,"nps":0,"move":"H12","invalid":null,"timeout":false}
{"label":"cycle1","repeat":0,"position":"forcing-four","mode":"fast","ms":54,"depth":1,"nps":37,"move":"H7","invalid":null,"timeout":false}
{"label":"cycle1","repeat":0,"position":"forcing-four","mode":"compare","ms":59,"depth":1,"nps":34,"move":"H7","invalid":null,"timeout":false}
{"label":"cycle1","repeat":0,"position":"forcing-four","mode":"precise","ms":51,"depth":1,"nps":40,"move":"H7","invalid":null,"timeout":false}
{"label":"cycle1","repeat":0,"position":"forcing-four","mode":"auto","ms":65,"depth":1,"nps":31,"move":"H7","invalid":null,"timeout":false}
{"label":"cycle1","repeat":0,"position":"forcing-four","mode":"deep15","ms":57,"depth":1,"nps":35,"move":"H7","invalid":null,"timeout":false}
{"label":"cycle1","repeat":0,"position":"forcing-four","mode":"deep25","ms":71,"depth":1,"nps":28,"move":"H7","invalid":null,"timeout":false}
{"label":"cycle1","repeat":0,"position":"terminal","mode":"fast","ms":42,"depth":0,"nps":0,"move":null,"invalid":null,"timeout":false}
{"label":"cycle1","repeat":0,"position":"terminal","mode":"compare","ms":55,"depth":0,"nps":0,"move":null,"invalid":null,"timeout":false}
{"label":"cycle1","repeat":0,"position":"terminal","mode":"precise","ms":50,"depth":0,"nps":0,"move":null,"invalid":null,"timeout":false}
{"label":"cycle1","repeat":0,"position":"terminal","mode":"auto","ms":68,"depth":0,"nps":0,"move":null,"invalid":null,"timeout":false}
{"label":"cycle1","repeat":0,"position":"terminal","mode":"deep15","ms":53,"depth":0,"nps":0,"move":null,"invalid":null,"timeout":false}
{"label":"cycle1","repeat":0,"position":"terminal","mode":"deep25","ms":47,"depth":0,"nps":0,"move":null,"invalid":null,"timeout":false}
{"label":"cycle1","repeat":0,"position":"sixth-move","mode":"fast","ms":890,"depth":3,"nps":20852,"move":"G8","invalid":null,"timeout":false}
{"label":"cycle1","repeat":0,"position":"sixth-move","mode":"compare","ms":2876,"depth":4,"nps":23314,"move":"I5","invalid":null,"timeout":false}
{"label":"cycle1","repeat":0,"position":"sixth-move","mode":"precise","ms":6624,"depth":5,"nps":38815,"move":"I5","invalid":null,"timeout":false}
{"label":"cycle1","repeat":0,"position":"sixth-move","mode":"auto","ms":13737,"depth":6,"nps":4300,"move":"F7","invalid":null,"timeout":false}
{"label":"cycle1","repeat":0,"position":"sixth-move","mode":"deep15","ms":13734,"depth":6,"nps":4225,"move":"F7","invalid":null,"timeout":false}
{"label":"cycle1","repeat":0,"position":"sixth-move","mode":"deep25","ms":17238,"depth":6,"nps":4615,"move":"F7","invalid":null,"timeout":false}
{"label":"cycle1","repeat":0,"position":"quiet-middle","mode":"fast","ms":884,"depth":3,"nps":30369,"move":"F9","invalid":null,"timeout":false}
{"label":"cycle1","repeat":0,"position":"quiet-middle","mode":"compare","ms":2858,"depth":4,"nps":36892,"move":"F9","invalid":null,"timeout":false}
{"label":"cycle1","repeat":0,"position":"quiet-middle","mode":"precise","ms":6620,"depth":5,"nps":45329,"move":"F10","invalid":null,"timeout":false}
{"label":"cycle1","repeat":0,"position":"quiet-middle","mode":"auto","ms":13740,"depth":6,"nps":3804,"move":"F9","invalid":null,"timeout":false}
{"label":"cycle1","repeat":0,"position":"quiet-middle","mode":"deep15","ms":13736,"depth":6,"nps":3814,"move":"F9","invalid":null,"timeout":false}
{"label":"cycle1","repeat":0,"position":"quiet-middle","mode":"deep25","ms":17265,"depth":6,"nps":3521,"move":"F9","invalid":null,"timeout":false}
{"label":"cycle1","repeat":0,"position":"known-refutations","mode":"fast","ms":885,"depth":0,"nps":52588,"move":"J8","invalid":null,"timeout":false}
{"label":"cycle1","repeat":0,"position":"known-refutations","mode":"compare","ms":2860,"depth":0,"nps":33688,"move":"J8","invalid":null,"timeout":false}
{"label":"cycle1","repeat":0,"position":"known-refutations","mode":"precise","ms":6620,"depth":0,"nps":42061,"move":"J8","invalid":null,"timeout":false}
{"label":"cycle1","repeat":0,"position":"known-refutations","mode":"auto","ms":2487,"depth":0,"nps":466,"move":"H5","invalid":null,"timeout":false}
{"label":"cycle1","repeat":0,"position":"known-refutations","mode":"deep15","ms":2485,"depth":0,"nps":466,"move":"H5","invalid":null,"timeout":false}
{"label":"cycle1","repeat":0,"position":"known-refutations","mode":"deep25","ms":2478,"depth":0,"nps":467,"move":"H5","invalid":null,"timeout":false}
{"label":"cycle1","repeat":0,"position":"wide-middle","mode":"fast","ms":880,"depth":1,"nps":56007,"move":"L9","invalid":null,"timeout":false}
{"label":"cycle1","repeat":0,"position":"wide-middle","mode":"compare","ms":1019,"depth":2,"nps":50856,"move":"L9","invalid":null,"timeout":false}
{"label":"cycle1","repeat":0,"position":"wide-middle","mode":"precise","ms":1007,"depth":2,"nps":51173,"move":"L9","invalid":null,"timeout":false}
{"label":"cycle1","repeat":0,"position":"wide-middle","mode":"auto","ms":10192,"depth":6,"nps":3919,"move":"M9","invalid":null,"timeout":false}
{"label":"cycle1","repeat":0,"position":"wide-middle","mode":"deep15","ms":10188,"depth":6,"nps":3826,"move":"M9","invalid":null,"timeout":false}
{"label":"cycle1","repeat":0,"position":"wide-middle","mode":"deep25","ms":16963,"depth":6,"nps":4641,"move":"M9","invalid":null,"timeout":false}
{"label":"cycle1","repeat":0,"position":"complex-middle","mode":"fast","ms":88,"depth":3,"nps":23303,"move":"G6","invalid":null,"timeout":false}
{"label":"cycle1","repeat":0,"position":"complex-middle","mode":"compare","ms":89,"depth":3,"nps":22990,"move":"G6","invalid":null,"timeout":false}
{"label":"cycle1","repeat":0,"position":"complex-middle","mode":"precise","ms":86,"depth":3,"nps":23789,"move":"G6","invalid":null,"timeout":false}
{"label":"cycle1","repeat":0,"position":"complex-middle","mode":"auto","ms":91,"depth":3,"nps":22486,"move":"G6","invalid":null,"timeout":false}
{"label":"cycle1","repeat":0,"position":"complex-middle","mode":"deep15","ms":89,"depth":3,"nps":23119,"move":"G6","invalid":null,"timeout":false}
{"label":"cycle1","repeat":0,"position":"complex-middle","mode":"deep25","ms":95,"depth":3,"nps":21656,"move":"G6","invalid":null,"timeout":false}
{"label":"cycle1","repeat":0,"position":"forbidden-defense","mode":"fast","ms":37,"depth":1,"nps":0,"move":"I5","invalid":null,"timeout":false}
{"label":"cycle1","repeat":0,"position":"forbidden-defense","mode":"compare","ms":36,"depth":1,"nps":0,"move":"I5","invalid":null,"timeout":false}
{"label":"cycle1","repeat":0,"position":"forbidden-defense","mode":"precise","ms":34,"depth":1,"nps":0,"move":"I5","invalid":null,"timeout":false}
{"label":"cycle1","repeat":0,"position":"forbidden-defense","mode":"auto","ms":39,"depth":1,"nps":0,"move":"I5","invalid":null,"timeout":false}
{"label":"cycle1","repeat":0,"position":"forbidden-defense","mode":"deep15","ms":35,"depth":1,"nps":0,"move":"I5","invalid":null,"timeout":false}
{"label":"cycle1","repeat":0,"position":"forbidden-defense","mode":"deep25","ms":35,"depth":1,"nps":0,"move":"I5","invalid":null,"timeout":false}
{"label":"cycle1","repeat":1,"position":"instant-win","mode":"fast","ms":32,"depth":1,"nps":0,"move":"H7","invalid":null,"timeout":false}
{"label":"cycle1","repeat":1,"position":"instant-win","mode":"compare","ms":33,"depth":1,"nps":0,"move":"H7","invalid":null,"timeout":false}
{"label":"cycle1","repeat":1,"position":"instant-win","mode":"precise","ms":30,"depth":1,"nps":0,"move":"H7","invalid":null,"timeout":false}
{"label":"cycle1","repeat":1,"position":"instant-win","mode":"auto","ms":34,"depth":1,"nps":0,"move":"H7","invalid":null,"timeout":false}
{"label":"cycle1","repeat":1,"position":"instant-win","mode":"deep15","ms":31,"depth":1,"nps":0,"move":"H7","invalid":null,"timeout":false}
{"label":"cycle1","repeat":1,"position":"instant-win","mode":"deep25","ms":32,"depth":1,"nps":0,"move":"H7","invalid":null,"timeout":false}
{"label":"cycle1","repeat":1,"position":"mandatory-block","mode":"fast","ms":32,"depth":1,"nps":0,"move":"H12","invalid":null,"timeout":false}
{"label":"cycle1","repeat":1,"position":"mandatory-block","mode":"compare","ms":32,"depth":1,"nps":0,"move":"H12","invalid":null,"timeout":false}
{"label":"cycle1","repeat":1,"position":"mandatory-block","mode":"precise","ms":30,"depth":1,"nps":0,"move":"H12","invalid":null,"timeout":false}
{"label":"cycle1","repeat":1,"position":"mandatory-block","mode":"auto","ms":36,"depth":1,"nps":0,"move":"H12","invalid":null,"timeout":false}
{"label":"cycle1","repeat":1,"position":"mandatory-block","mode":"deep15","ms":31,"depth":1,"nps":0,"move":"H12","invalid":null,"timeout":false}
{"label":"cycle1","repeat":1,"position":"mandatory-block","mode":"deep25","ms":32,"depth":1,"nps":0,"move":"H12","invalid":null,"timeout":false}
{"label":"cycle1","repeat":1,"position":"forcing-four","mode":"fast","ms":44,"depth":1,"nps":45,"move":"H7","invalid":null,"timeout":false}
{"label":"cycle1","repeat":1,"position":"forcing-four","mode":"compare","ms":43,"depth":1,"nps":46,"move":"H7","invalid":null,"timeout":false}
{"label":"cycle1","repeat":1,"position":"forcing-four","mode":"precise","ms":45,"depth":1,"nps":44,"move":"H7","invalid":null,"timeout":false}
{"label":"cycle1","repeat":1,"position":"forcing-four","mode":"auto","ms":44,"depth":1,"nps":45,"move":"H7","invalid":null,"timeout":false}
{"label":"cycle1","repeat":1,"position":"forcing-four","mode":"deep15","ms":43,"depth":1,"nps":47,"move":"H7","invalid":null,"timeout":false}
{"label":"cycle1","repeat":1,"position":"forcing-four","mode":"deep25","ms":43,"depth":1,"nps":47,"move":"H7","invalid":null,"timeout":false}
{"label":"cycle1","repeat":1,"position":"terminal","mode":"fast","ms":31,"depth":0,"nps":0,"move":null,"invalid":null,"timeout":false}
{"label":"cycle1","repeat":1,"position":"terminal","mode":"compare","ms":30,"depth":0,"nps":0,"move":null,"invalid":null,"timeout":false}
{"label":"cycle1","repeat":1,"position":"terminal","mode":"precise","ms":31,"depth":0,"nps":0,"move":null,"invalid":null,"timeout":false}
{"label":"cycle1","repeat":1,"position":"terminal","mode":"auto","ms":34,"depth":0,"nps":0,"move":null,"invalid":null,"timeout":false}
{"label":"cycle1","repeat":1,"position":"terminal","mode":"deep15","ms":30,"depth":0,"nps":0,"move":null,"invalid":null,"timeout":false}
{"label":"cycle1","repeat":1,"position":"terminal","mode":"deep25","ms":30,"depth":0,"nps":0,"move":null,"invalid":null,"timeout":false}
{"label":"cycle1","repeat":1,"position":"sixth-move","mode":"fast","ms":879,"depth":3,"nps":27876,"move":"G8","invalid":null,"timeout":false}
{"label":"cycle1","repeat":1,"position":"sixth-move","mode":"compare","ms":2860,"depth":4,"nps":25039,"move":"I5","invalid":null,"timeout":false}
{"label":"cycle1","repeat":1,"position":"sixth-move","mode":"precise","ms":6620,"depth":5,"nps":38656,"move":"I5","invalid":null,"timeout":false}
{"label":"cycle1","repeat":1,"position":"sixth-move","mode":"auto","ms":13738,"depth":6,"nps":4308,"move":"F7","invalid":null,"timeout":false}
{"label":"cycle1","repeat":1,"position":"sixth-move","mode":"deep15","ms":13735,"depth":6,"nps":4408,"move":"F7","invalid":null,"timeout":false}
{"label":"cycle1","repeat":1,"position":"sixth-move","mode":"deep25","ms":17238,"depth":6,"nps":4691,"move":"F7","invalid":null,"timeout":false}
{"label":"cycle1","repeat":1,"position":"quiet-middle","mode":"fast","ms":884,"depth":3,"nps":31042,"move":"F9","invalid":null,"timeout":false}
{"label":"cycle1","repeat":1,"position":"quiet-middle","mode":"compare","ms":2860,"depth":4,"nps":36890,"move":"F9","invalid":null,"timeout":false}
{"label":"cycle1","repeat":1,"position":"quiet-middle","mode":"precise","ms":6621,"depth":5,"nps":45462,"move":"F10","invalid":null,"timeout":false}
{"label":"cycle1","repeat":1,"position":"quiet-middle","mode":"auto","ms":13740,"depth":6,"nps":3814,"move":"F9","invalid":null,"timeout":false}
{"label":"cycle1","repeat":1,"position":"quiet-middle","mode":"deep15","ms":13737,"depth":6,"nps":3778,"move":"F9","invalid":null,"timeout":false}
{"label":"cycle1","repeat":1,"position":"quiet-middle","mode":"deep25","ms":17265,"depth":6,"nps":3636,"move":"F9","invalid":null,"timeout":false}
{"label":"cycle1","repeat":1,"position":"known-refutations","mode":"fast","ms":883,"depth":0,"nps":52480,"move":"J8","invalid":null,"timeout":false}
{"label":"cycle1","repeat":1,"position":"known-refutations","mode":"compare","ms":2860,"depth":0,"nps":33599,"move":"J8","invalid":null,"timeout":false}
{"label":"cycle1","repeat":1,"position":"known-refutations","mode":"precise","ms":6621,"depth":0,"nps":42559,"move":"J8","invalid":null,"timeout":false}
{"label":"cycle1","repeat":1,"position":"known-refutations","mode":"auto","ms":2495,"depth":0,"nps":464,"move":"H5","invalid":null,"timeout":false}
{"label":"cycle1","repeat":1,"position":"known-refutations","mode":"deep15","ms":2479,"depth":0,"nps":467,"move":"H5","invalid":null,"timeout":false}
{"label":"cycle1","repeat":1,"position":"known-refutations","mode":"deep25","ms":2479,"depth":0,"nps":467,"move":"H5","invalid":null,"timeout":false}
{"label":"cycle1","repeat":1,"position":"wide-middle","mode":"fast","ms":879,"depth":1,"nps":56349,"move":"L9","invalid":null,"timeout":false}
{"label":"cycle1","repeat":1,"position":"wide-middle","mode":"compare","ms":1022,"depth":2,"nps":50327,"move":"L9","invalid":null,"timeout":false}
{"label":"cycle1","repeat":1,"position":"wide-middle","mode":"precise","ms":1013,"depth":2,"nps":51383,"move":"L9","invalid":null,"timeout":false}
{"label":"cycle1","repeat":1,"position":"wide-middle","mode":"auto","ms":10195,"depth":6,"nps":3961,"move":"M9","invalid":null,"timeout":false}
{"label":"cycle1","repeat":1,"position":"wide-middle","mode":"deep15","ms":10189,"depth":6,"nps":4005,"move":"M9","invalid":null,"timeout":false}
{"label":"cycle1","repeat":1,"position":"wide-middle","mode":"deep25","ms":16952,"depth":6,"nps":4595,"move":"M9","invalid":null,"timeout":false}
{"label":"cycle1","repeat":1,"position":"complex-middle","mode":"fast","ms":90,"depth":3,"nps":22887,"move":"G6","invalid":null,"timeout":false}
{"label":"cycle1","repeat":1,"position":"complex-middle","mode":"compare","ms":89,"depth":3,"nps":22964,"move":"G6","invalid":null,"timeout":false}
{"label":"cycle1","repeat":1,"position":"complex-middle","mode":"precise","ms":85,"depth":3,"nps":24068,"move":"G6","invalid":null,"timeout":false}
{"label":"cycle1","repeat":1,"position":"complex-middle","mode":"auto","ms":93,"depth":3,"nps":22123,"move":"G6","invalid":null,"timeout":false}
{"label":"cycle1","repeat":1,"position":"complex-middle","mode":"deep15","ms":85,"depth":3,"nps":24153,"move":"G6","invalid":null,"timeout":false}
{"label":"cycle1","repeat":1,"position":"complex-middle","mode":"deep25","ms":87,"depth":3,"nps":23598,"move":"G6","invalid":null,"timeout":false}
{"label":"cycle1","repeat":1,"position":"forbidden-defense","mode":"fast","ms":39,"depth":1,"nps":0,"move":"I5","invalid":null,"timeout":false}
{"label":"cycle1","repeat":1,"position":"forbidden-defense","mode":"compare","ms":39,"depth":1,"nps":0,"move":"I5","invalid":null,"timeout":false}
{"label":"cycle1","repeat":1,"position":"forbidden-defense","mode":"precise","ms":37,"depth":1,"nps":0,"move":"I5","invalid":null,"timeout":false}
{"label":"cycle1","repeat":1,"position":"forbidden-defense","mode":"auto","ms":41,"depth":1,"nps":0,"move":"I5","invalid":null,"timeout":false}
{"label":"cycle1","repeat":1,"position":"forbidden-defense","mode":"deep15","ms":35,"depth":1,"nps":0,"move":"I5","invalid":null,"timeout":false}
{"label":"cycle1","repeat":1,"position":"forbidden-defense","mode":"deep25","ms":36,"depth":1,"nps":0,"move":"I5","invalid":null,"timeout":false}
{"label":"cycle1","repeat":2,"position":"instant-win","mode":"fast","ms":32,"depth":1,"nps":0,"move":"H7","invalid":null,"timeout":false}
{"label":"cycle1","repeat":2,"position":"instant-win","mode":"compare","ms":32,"depth":1,"nps":0,"move":"H7","invalid":null,"timeout":false}
{"label":"cycle1","repeat":2,"position":"instant-win","mode":"precise","ms":32,"depth":1,"nps":0,"move":"H7","invalid":null,"timeout":false}
{"label":"cycle1","repeat":2,"position":"instant-win","mode":"auto","ms":37,"depth":1,"nps":0,"move":"H7","invalid":null,"timeout":false}
{"label":"cycle1","repeat":2,"position":"instant-win","mode":"deep15","ms":31,"depth":1,"nps":0,"move":"H7","invalid":null,"timeout":false}
{"label":"cycle1","repeat":2,"position":"instant-win","mode":"deep25","ms":32,"depth":1,"nps":0,"move":"H7","invalid":null,"timeout":false}
{"label":"cycle1","repeat":2,"position":"mandatory-block","mode":"fast","ms":32,"depth":1,"nps":0,"move":"H12","invalid":null,"timeout":false}
{"label":"cycle1","repeat":2,"position":"mandatory-block","mode":"compare","ms":34,"depth":1,"nps":0,"move":"H12","invalid":null,"timeout":false}
{"label":"cycle1","repeat":2,"position":"mandatory-block","mode":"precise","ms":28,"depth":1,"nps":0,"move":"H12","invalid":null,"timeout":false}
{"label":"cycle1","repeat":2,"position":"mandatory-block","mode":"auto","ms":34,"depth":1,"nps":0,"move":"H12","invalid":null,"timeout":false}
{"label":"cycle1","repeat":2,"position":"mandatory-block","mode":"deep15","ms":34,"depth":1,"nps":0,"move":"H12","invalid":null,"timeout":false}
{"label":"cycle1","repeat":2,"position":"mandatory-block","mode":"deep25","ms":32,"depth":1,"nps":0,"move":"H12","invalid":null,"timeout":false}
{"label":"cycle1","repeat":2,"position":"forcing-four","mode":"fast","ms":46,"depth":1,"nps":43,"move":"H7","invalid":null,"timeout":false}
{"label":"cycle1","repeat":2,"position":"forcing-four","mode":"compare","ms":49,"depth":1,"nps":41,"move":"H7","invalid":null,"timeout":false}
{"label":"cycle1","repeat":2,"position":"forcing-four","mode":"precise","ms":46,"depth":1,"nps":43,"move":"H7","invalid":null,"timeout":false}
{"label":"cycle1","repeat":2,"position":"forcing-four","mode":"auto","ms":47,"depth":1,"nps":43,"move":"H7","invalid":null,"timeout":false}
{"label":"cycle1","repeat":2,"position":"forcing-four","mode":"deep15","ms":43,"depth":1,"nps":46,"move":"H7","invalid":null,"timeout":false}
{"label":"cycle1","repeat":2,"position":"forcing-four","mode":"deep25","ms":43,"depth":1,"nps":46,"move":"H7","invalid":null,"timeout":false}
{"label":"cycle1","repeat":2,"position":"terminal","mode":"fast","ms":31,"depth":0,"nps":0,"move":null,"invalid":null,"timeout":false}
{"label":"cycle1","repeat":2,"position":"terminal","mode":"compare","ms":31,"depth":0,"nps":0,"move":null,"invalid":null,"timeout":false}
{"label":"cycle1","repeat":2,"position":"terminal","mode":"precise","ms":31,"depth":0,"nps":0,"move":null,"invalid":null,"timeout":false}
{"label":"cycle1","repeat":2,"position":"terminal","mode":"auto","ms":32,"depth":0,"nps":0,"move":null,"invalid":null,"timeout":false}
{"label":"cycle1","repeat":2,"position":"terminal","mode":"deep15","ms":32,"depth":0,"nps":0,"move":null,"invalid":null,"timeout":false}
{"label":"cycle1","repeat":2,"position":"terminal","mode":"deep25","ms":31,"depth":0,"nps":0,"move":null,"invalid":null,"timeout":false}
{"label":"cycle1","repeat":2,"position":"sixth-move","mode":"fast","ms":878,"depth":3,"nps":28021,"move":"G8","invalid":null,"timeout":false}
{"label":"cycle1","repeat":2,"position":"sixth-move","mode":"compare","ms":2862,"depth":4,"nps":25012,"move":"I5","invalid":null,"timeout":false}
{"label":"cycle1","repeat":2,"position":"sixth-move","mode":"precise","ms":6620,"depth":5,"nps":39024,"move":"I5","invalid":null,"timeout":false}
{"label":"cycle1","repeat":2,"position":"sixth-move","mode":"auto","ms":13742,"depth":6,"nps":4366,"move":"F7","invalid":null,"timeout":false}
{"label":"cycle1","repeat":2,"position":"sixth-move","mode":"deep15","ms":13736,"depth":6,"nps":4366,"move":"F7","invalid":null,"timeout":false}
{"label":"cycle1","repeat":2,"position":"sixth-move","mode":"deep25","ms":17237,"depth":6,"nps":4678,"move":"F7","invalid":null,"timeout":false}
{"label":"cycle1","repeat":2,"position":"quiet-middle","mode":"fast","ms":886,"depth":3,"nps":31034,"move":"F9","invalid":null,"timeout":false}
{"label":"cycle1","repeat":2,"position":"quiet-middle","mode":"compare","ms":2859,"depth":4,"nps":37184,"move":"F9","invalid":null,"timeout":false}
{"label":"cycle1","repeat":2,"position":"quiet-middle","mode":"precise","ms":6617,"depth":5,"nps":45109,"move":"F10","invalid":null,"timeout":false}
{"label":"cycle1","repeat":2,"position":"quiet-middle","mode":"auto","ms":13741,"depth":6,"nps":3752,"move":"F9","invalid":null,"timeout":false}
{"label":"cycle1","repeat":2,"position":"quiet-middle","mode":"deep15","ms":13738,"depth":6,"nps":3831,"move":"F9","invalid":null,"timeout":false}
{"label":"cycle1","repeat":2,"position":"quiet-middle","mode":"deep25","ms":17271,"depth":6,"nps":3313,"move":"F9","invalid":null,"timeout":false}
{"label":"cycle1","repeat":2,"position":"known-refutations","mode":"fast","ms":884,"depth":0,"nps":51791,"move":"J8","invalid":null,"timeout":false}
{"label":"cycle1","repeat":2,"position":"known-refutations","mode":"compare","ms":2862,"depth":0,"nps":33552,"move":"J8","invalid":null,"timeout":false}
{"label":"cycle1","repeat":2,"position":"known-refutations","mode":"precise","ms":6620,"depth":0,"nps":39180,"move":"J8","invalid":null,"timeout":false}
{"label":"cycle1","repeat":2,"position":"known-refutations","mode":"auto","ms":2496,"depth":0,"nps":464,"move":"H5","invalid":null,"timeout":false}
{"label":"cycle1","repeat":2,"position":"known-refutations","mode":"deep15","ms":2480,"depth":0,"nps":467,"move":"H5","invalid":null,"timeout":false}
{"label":"cycle1","repeat":2,"position":"known-refutations","mode":"deep25","ms":2485,"depth":0,"nps":466,"move":"H5","invalid":null,"timeout":false}
{"label":"cycle1","repeat":2,"position":"wide-middle","mode":"fast","ms":880,"depth":1,"nps":56707,"move":"L9","invalid":null,"timeout":false}
{"label":"cycle1","repeat":2,"position":"wide-middle","mode":"compare","ms":1014,"depth":2,"nps":51166,"move":"L9","invalid":null,"timeout":false}
{"label":"cycle1","repeat":2,"position":"wide-middle","mode":"precise","ms":1023,"depth":2,"nps":50687,"move":"L9","invalid":null,"timeout":false}
{"label":"cycle1","repeat":2,"position":"wide-middle","mode":"auto","ms":10202,"depth":6,"nps":3893,"move":"M9","invalid":null,"timeout":false}
{"label":"cycle1","repeat":2,"position":"wide-middle","mode":"deep15","ms":10204,"depth":6,"nps":3944,"move":"M9","invalid":null,"timeout":false}
{"label":"cycle1","repeat":2,"position":"wide-middle","mode":"deep25","ms":16956,"depth":6,"nps":4520,"move":"M9","invalid":null,"timeout":false}
{"label":"cycle1","repeat":2,"position":"complex-middle","mode":"fast","ms":103,"depth":3,"nps":19932,"move":"G6","invalid":null,"timeout":false}
{"label":"cycle1","repeat":2,"position":"complex-middle","mode":"compare","ms":92,"depth":3,"nps":22267,"move":"G6","invalid":null,"timeout":false}
{"label":"cycle1","repeat":2,"position":"complex-middle","mode":"precise","ms":91,"depth":3,"nps":22635,"move":"G6","invalid":null,"timeout":false}
{"label":"cycle1","repeat":2,"position":"complex-middle","mode":"auto","ms":91,"depth":3,"nps":22486,"move":"G6","invalid":null,"timeout":false}
{"label":"cycle1","repeat":2,"position":"complex-middle","mode":"deep15","ms":86,"depth":3,"nps":23872,"move":"G6","invalid":null,"timeout":false}
{"label":"cycle1","repeat":2,"position":"complex-middle","mode":"deep25","ms":88,"depth":3,"nps":23330,"move":"G6","invalid":null,"timeout":false}
{"label":"cycle1","repeat":2,"position":"forbidden-defense","mode":"fast","ms":39,"depth":1,"nps":0,"move":"I5","invalid":null,"timeout":false}
{"label":"cycle1","repeat":2,"position":"forbidden-defense","mode":"compare","ms":37,"depth":1,"nps":0,"move":"I5","invalid":null,"timeout":false}
{"label":"cycle1","repeat":2,"position":"forbidden-defense","mode":"precise","ms":36,"depth":1,"nps":0,"move":"I5","invalid":null,"timeout":false}
{"label":"cycle1","repeat":2,"position":"forbidden-defense","mode":"auto","ms":56,"depth":1,"nps":0,"move":"I5","invalid":null,"timeout":false}
{"label":"cycle1","repeat":2,"position":"forbidden-defense","mode":"deep15","ms":38,"depth":1,"nps":0,"move":"I5","invalid":null,"timeout":false}
{"label":"cycle1","repeat":2,"position":"forbidden-defense","mode":"deep25","ms":37,"depth":1,"nps":0,"move":"I5","invalid":null,"timeout":false}
