{"label":"phase2-baseline","repeat":0,"position":"instant-win","mode":"fast","ms":70,"depth":1,"nps":0,"move":"H7","invalid":null,"timeout":false}
{"label":"phase2-baseline","repeat":0,"position":"instant-win","mode":"compare","ms":88,"depth":1,"nps":0,"move":"H7","invalid":null,"timeout":false}
{"label":"phase2-baseline","repeat":0,"position":"instant-win","mode":"precise","ms":91,"depth":1,"nps":0,"move":"H7","invalid":null,"timeout":false}
{"label":"phase2-baseline","repeat":0,"position":"instant-win","mode":"auto","ms":93,"depth":1,"nps":0,"move":"H7","invalid":null,"timeout":false}
{"label":"phase2-baseline","repeat":0,"position":"instant-win","mode":"deep15","ms":94,"depth":1,"nps":0,"move":"H7","invalid":null,"timeout":false}
{"label":"phase2-baseline","repeat":0,"position":"instant-win","mode":"deep25","ms":91,"depth":1,"nps":0,"move":"H7","invalid":null,"timeout":false}
{"label":"phase2-baseline","repeat":0,"position":"mandatory-block","mode":"fast","ms":85,"depth":1,"nps":0,"move":"H12","invalid":null,"timeout":false}
{"label":"phase2-baseline","repeat":0,"position":"mandatory-block","mode":"compare","ms":97,"depth":1,"nps":0,"move":"H12","invalid":null,"timeout":false}
{"label":"phase2-baseline","repeat":0,"position":"mandatory-block","mode":"precise","ms":119,"depth":1,"nps":0,"move":"H12","invalid":null,"timeout":false}
{"label":"phase2-baseline","repeat":0,"position":"mandatory-block","mode":"auto","ms":73,"depth":1,"nps":0,"move":"H12","invalid":null,"timeout":false}
{"label":"phase2-baseline","repeat":0,"position":"mandatory-block","mode":"deep15","ms":282,"depth":1,"nps":0,"move":"H12","invalid":null,"timeout":false}
{"label":"phase2-baseline","repeat":0,"position":"mandatory-block","mode":"deep25","ms":238,"depth":1,"nps":4,"move":"H12","invalid":null,"timeout":false}
{"label":"phase2-baseline","repeat":0,"position":"forcing-four","mode":"fast","ms":160,"depth":1,"nps":13,"move":"H7","invalid":null,"timeout":false}
{"label":"phase2-baseline","repeat":0,"position":"forcing-four","mode":"compare","ms":118,"depth":1,"nps":17,"move":"H7","invalid":null,"timeout":false}
{"label":"phase2-baseline","repeat":0,"position":"forcing-four","mode":"precise","ms":131,"depth":1,"nps":15,"move":"H7","invalid":null,"timeout":false}
{"label":"phase2-baseline","repeat":0,"position":"forcing-four","mode":"auto","ms":117,"depth":1,"nps":17,"move":"H7","invalid":null,"timeout":false}
{"label":"phase2-baseline","repeat":0,"position":"forcing-four","mode":"deep15","ms":128,"depth":1,"nps":16,"move":"H7","invalid":null,"timeout":false}
{"label":"phase2-baseline","repeat":0,"position":"forcing-four","mode":"deep25","ms":78,"depth":1,"nps":26,"move":"H7","invalid":null,"timeout":false}
{"label":"phase2-baseline","repeat":0,"position":"terminal","mode":"fast","ms":102,"depth":0,"nps":0,"move":null,"invalid":null,"timeout":false}
{"label":"phase2-baseline","repeat":0,"position":"terminal","mode":"compare","ms":102,"depth":0,"nps":0,"move":null,"invalid":null,"timeout":false}
{"label":"phase2-baseline","repeat":0,"position":"terminal","mode":"precise","ms":120,"depth":0,"nps":0,"move":null,"invalid":null,"timeout":false}
{"label":"phase2-baseline","repeat":0,"position":"terminal","mode":"auto","ms":124,"depth":0,"nps":0,"move":null,"invalid":null,"timeout":true}
{"label":"phase2-baseline","repeat":0,"position":"terminal","mode":"deep15","ms":96,"depth":0,"nps":0,"move":null,"invalid":null,"timeout":false}
{"label":"phase2-baseline","repeat":0,"position":"terminal","mode":"deep25","ms":131,"depth":0,"nps":0,"move":null,"invalid":null,"timeout":false}
{"label":"phase2-baseline","repeat":0,"position":"sixth-move","mode":"fast","ms":902,"depth":3,"nps":5522,"move":"G8","invalid":null,"timeout":true}
{"label":"phase2-baseline","repeat":0,"position":"sixth-move","mode":"compare","ms":2894,"depth":4,"nps":12854,"move":"I5","invalid":null,"timeout":false}
{"label":"phase2-baseline","repeat":0,"position":"sixth-move","mode":"precise","ms":6655,"depth":5,"nps":16295,"move":"I5","invalid":null,"timeout":false}
{"label":"phase2-baseline","repeat":0,"position":"sixth-move","mode":"auto","ms":13760,"depth":5,"nps":2362,"move":"G8","invalid":null,"timeout":false}
{"label":"phase2-baseline","repeat":0,"position":"sixth-move","mode":"deep15","ms":13774,"depth":6,"nps":2924,"move":"F7","invalid":null,"timeout":false}
{"label":"phase2-baseline","repeat":0,"position":"sixth-move","mode":"deep25","ms":13906,"depth":5,"nps":2470,"move":"G8","invalid":null,"timeout":false}
{"label":"phase2-baseline","repeat":0,"position":"quiet-middle","mode":"fast","ms":942,"depth":2,"nps":5786,"move":"F9","invalid":null,"timeout":true}
{"label":"phase2-baseline","repeat":0,"position":"quiet-middle","mode":"compare","ms":2874,"depth":3,"nps":24511,"move":"F9","invalid":null,"timeout":false}
{"label":"phase2-baseline","repeat":0,"position":"quiet-middle","mode":"precise","ms":6631,"depth":5,"nps":23009,"move":"F10","invalid":null,"timeout":false}
{"label":"phase2-baseline","repeat":0,"position":"quiet-middle","mode":"auto","ms":13748,"depth":6,"nps":2068,"move":"F9","invalid":null,"timeout":false}
{"label":"phase2-baseline","repeat":0,"position":"quiet-middle","mode":"deep15","ms":13770,"depth":6,"nps":1637,"move":"F9","invalid":null,"timeout":false}
{"label":"phase2-baseline","repeat":0,"position":"quiet-middle","mode":"deep25","ms":14219,"depth":5,"nps":1214,"move":"F9","invalid":null,"timeout":false}
{"label":"phase2-baseline","repeat":0,"position":"known-refutations","mode":"fast","ms":911,"depth":0,"nps":25151,"move":"J8","invalid":null,"timeout":false}
{"label":"phase2-baseline","repeat":0,"position":"known-refutations","mode":"compare","ms":2885,"depth":0,"nps":19207,"move":"J8","invalid":null,"timeout":false}
{"label":"phase2-baseline","repeat":0,"position":"known-refutations","mode":"precise","ms":6648,"depth":0,"nps":15389,"move":"J8","invalid":null,"timeout":false}
{"label":"phase2-baseline","repeat":0,"position":"known-refutations","mode":"auto","ms":2846,"depth":0,"nps":407,"move":"H5","invalid":null,"timeout":false}
{"label":"phase2-baseline","repeat":0,"position":"known-refutations","mode":"deep15","ms":2819,"depth":0,"nps":411,"move":"H5","invalid":null,"timeout":false}
{"label":"phase2-baseline","repeat":0,"position":"known-refutations","mode":"deep25","ms":3427,"depth":0,"nps":338,"move":"H5","invalid":null,"timeout":false}
{"label":"phase2-baseline","repeat":0,"position":"wide-middle","mode":"fast","ms":921,"depth":1,"nps":2679,"move":"L9","invalid":null,"timeout":true}
{"label":"phase2-baseline","repeat":0,"position":"wide-middle","mode":"compare","ms":1547,"depth":2,"nps":27088,"move":"L9","invalid":null,"timeout":false}
{"label":"phase2-baseline","repeat":0,"position":"wide-middle","mode":"precise","ms":1451,"depth":2,"nps":28925,"move":"L9","invalid":null,"timeout":false}
{"label":"phase2-baseline","repeat":0,"position":"wide-middle","mode":"auto","ms":13756,"depth":6,"nps":2249,"move":"M9","invalid":null,"timeout":false}
{"label":"phase2-baseline","repeat":0,"position":"wide-middle","mode":"deep15","ms":13760,"depth":6,"nps":3106,"move":"M9","invalid":null,"timeout":false}
{"label":"phase2-baseline","repeat":0,"position":"wide-middle","mode":"deep25","ms":10507,"depth":5,"nps":2335,"move":"M9","invalid":null,"timeout":false}
{"label":"phase2-baseline","repeat":0,"position":"complex-middle","mode":"fast","ms":117,"depth":3,"nps":17532,"move":"G6","invalid":null,"timeout":false}
{"label":"phase2-baseline","repeat":0,"position":"complex-middle","mode":"compare","ms":126,"depth":3,"nps":16320,"move":"G6","invalid":null,"timeout":false}
{"label":"phase2-baseline","repeat":0,"position":"complex-middle","mode":"precise","ms":151,"depth":3,"nps":13641,"move":"G6","invalid":null,"timeout":false}
{"label":"phase2-baseline","repeat":0,"position":"complex-middle","mode":"auto","ms":121,"depth":3,"nps":17009,"move":"G6","invalid":null,"timeout":false}
{"label":"phase2-baseline","repeat":0,"position":"complex-middle","mode":"deep15","ms":115,"depth":3,"nps":17883,"move":"G6","invalid":null,"timeout":false}
{"label":"phase2-baseline","repeat":0,"position":"complex-middle","mode":"deep25","ms":139,"depth":3,"nps":14812,"move":"G6","invalid":null,"timeout":false}
{"label":"phase2-baseline","repeat":0,"position":"forbidden-defense","mode":"fast","ms":38,"depth":1,"nps":0,"move":"I5","invalid":null,"timeout":false}
{"label":"phase2-baseline","repeat":0,"position":"forbidden-defense","mode":"compare","ms":47,"depth":1,"nps":0,"move":"I5","invalid":null,"timeout":false}
{"label":"phase2-baseline","repeat":0,"position":"forbidden-defense","mode":"precise","ms":38,"depth":1,"nps":0,"move":"I5","invalid":null,"timeout":false}
{"label":"phase2-baseline","repeat":0,"position":"forbidden-defense","mode":"auto","ms":49,"depth":1,"nps":0,"move":"I5","invalid":null,"timeout":false}
{"label":"phase2-baseline","repeat":0,"position":"forbidden-defense","mode":"deep15","ms":40,"depth":1,"nps":0,"move":"I5","invalid":null,"timeout":false}
{"label":"phase2-baseline","repeat":0,"position":"forbidden-defense","mode":"deep25","ms":51,"depth":1,"nps":0,"move":"I5","invalid":null,"timeout":false}
{"label":"phase2-baseline","repeat":1,"position":"instant-win","mode":"fast","ms":41,"depth":1,"nps":0,"move":"H7","invalid":null,"timeout":false}
{"label":"phase2-baseline","repeat":1,"position":"instant-win","mode":"compare","ms":42,"depth":1,"nps":0,"move":"H7","invalid":null,"timeout":false}
{"label":"phase2-baseline","repeat":1,"position":"instant-win","mode":"precise","ms":40,"depth":1,"nps":0,"move":"H7","invalid":null,"timeout":false}
{"label":"phase2-baseline","repeat":1,"position":"instant-win","mode":"auto","ms":47,"depth":1,"nps":0,"move":"H7","invalid":null,"timeout":false}
{"label":"phase2-baseline","repeat":1,"position":"instant-win","mode":"deep15","ms":36,"depth":1,"nps":0,"move":"H7","invalid":null,"timeout":false}
{"label":"phase2-baseline","repeat":1,"position":"instant-win","mode":"deep25","ms":35,"depth":1,"nps":0,"move":"H7","invalid":null,"timeout":false}
{"label":"phase2-baseline","repeat":1,"position":"mandatory-block","mode":"fast","ms":35,"depth":1,"nps":0,"move":"H12","invalid":null,"timeout":false}
{"label":"phase2-baseline","repeat":1,"position":"mandatory-block","mode":"compare","ms":36,"depth":1,"nps":0,"move":"H12","invalid":null,"timeout":false}
{"label":"phase2-baseline","repeat":1,"position":"mandatory-block","mode":"precise","ms":35,"depth":1,"nps":0,"move":"H12","invalid":null,"timeout":false}
{"label":"phase2-baseline","repeat":1,"position":"mandatory-block","mode":"auto","ms":46,"depth":1,"nps":0,"move":"H12","invalid":null,"timeout":false}
{"label":"phase2-baseline","repeat":1,"position":"mandatory-block","mode":"deep15","ms":49,"depth":1,"nps":0,"move":"H12","invalid":null,"timeout":false}
{"label":"phase2-baseline","repeat":1,"position":"mandatory-block","mode":"deep25","ms":43,"depth":1,"nps":23,"move":"H12","invalid":null,"timeout":false}
{"label":"phase2-baseline","repeat":1,"position":"forcing-four","mode":"fast","ms":53,"depth":1,"nps":38,"move":"H7","invalid":null,"timeout":false}
{"label":"phase2-baseline","repeat":1,"position":"forcing-four","mode":"compare","ms":60,"depth":1,"nps":34,"move":"H7","invalid":null,"timeout":false}
{"label":"phase2-baseline","repeat":1,"position":"forcing-four","mode":"precise","ms":97,"depth":1,"nps":21,"move":"H7","invalid":null,"timeout":false}
{"label":"phase2-baseline","repeat":1,"position":"forcing-four","mode":"auto","ms":74,"depth":1,"nps":27,"move":"H7","invalid":null,"timeout":false}
{"label":"phase2-baseline","repeat":1,"position":"forcing-four","mode":"deep15","ms":61,"depth":1,"nps":33,"move":"H7","invalid":null,"timeout":false}
{"label":"phase2-baseline","repeat":1,"position":"forcing-four","mode":"deep25","ms":115,"depth":1,"nps":17,"move":"H7","invalid":null,"timeout":false}
{"label":"phase2-baseline","repeat":1,"position":"terminal","mode":"fast","ms":58,"depth":0,"nps":0,"move":null,"invalid":null,"timeout":false}
{"label":"phase2-baseline","repeat":1,"position":"terminal","mode":"compare","ms":65,"depth":0,"nps":0,"move":null,"invalid":null,"timeout":false}
{"label":"phase2-baseline","repeat":1,"position":"terminal","mode":"precise","ms":83,"depth":0,"nps":0,"move":null,"invalid":null,"timeout":false}
{"label":"phase2-baseline","repeat":1,"position":"terminal","mode":"auto","ms":57,"depth":0,"nps":0,"move":null,"invalid":null,"timeout":false}
{"label":"phase2-baseline","repeat":1,"position":"terminal","mode":"deep15","ms":91,"depth":0,"nps":0,"move":null,"invalid":null,"timeout":false}
{"label":"phase2-baseline","repeat":1,"position":"terminal","mode":"deep25","ms":38,"depth":0,"nps":0,"move":null,"invalid":null,"timeout":false}
{"label":"phase2-baseline","repeat":1,"position":"sixth-move","mode":"fast","ms":892,"depth":3,"nps":13725,"move":"G8","invalid":null,"timeout":false}
{"label":"phase2-baseline","repeat":1,"position":"sixth-move","mode":"compare","ms":2873,"depth":4,"nps":18249,"move":"I5","invalid":null,"timeout":false}
{"label":"phase2-baseline","repeat":1,"position":"sixth-move","mode":"precise","ms":6654,"depth":5,"nps":11867,"move":"I5","invalid":null,"timeout":false}
{"label":"phase2-baseline","repeat":1,"position":"sixth-move","mode":"auto","ms":13757,"depth":5,"nps":2355,"move":"G8","invalid":null,"timeout":false}
{"label":"phase2-baseline","repeat":1,"position":"sixth-move","mode":"deep15","ms":13769,"depth":5,"nps":2005,"move":"G8","invalid":null,"timeout":false}
{"label":"phase2-baseline","repeat":1,"position":"sixth-move","mode":"deep25","ms":13766,"depth":5,"nps":2308,"move":"G8","invalid":null,"timeout":false}
{"label":"phase2-baseline","repeat":1,"position":"quiet-middle","mode":"fast","ms":900,"depth":3,"nps":19240,"move":"F9","invalid":null,"timeout":false}
{"label":"phase2-baseline","repeat":1,"position":"quiet-middle","mode":"compare","ms":2895,"depth":3,"nps":14402,"move":"F9","invalid":null,"timeout":false}
{"label":"phase2-baseline","repeat":1,"position":"quiet-middle","mode":"precise","ms":6657,"depth":4,"nps":13649,"move":"F9","invalid":null,"timeout":false}
{"label":"phase2-baseline","repeat":1,"position":"quiet-middle","mode":"auto","ms":13762,"depth":6,"nps":1899,"move":"F9","invalid":null,"timeout":false}
{"label":"phase2-baseline","repeat":1,"position":"quiet-middle","mode":"deep15","ms":15045,"depth":6,"nps":1438,"move":"F9","invalid":null,"timeout":false}
{"label":"phase2-baseline","repeat":1,"position":"quiet-middle","mode":"deep25","ms":14208,"depth":6,"nps":2223,"move":"F9","invalid":null,"timeout":false}
{"label":"phase2-baseline","repeat":1,"position":"known-refutations","mode":"fast","ms":900,"depth":0,"nps":22654,"move":"J8","invalid":null,"timeout":false}
{"label":"phase2-baseline","repeat":1,"position":"known-refutations","mode":"compare","ms":2883,"depth":0,"nps":25526,"move":"J8","invalid":null,"timeout":false}
{"label":"phase2-baseline","repeat":1,"position":"known-refutations","mode":"precise","ms":6643,"depth":0,"nps":14457,"move":"J8","invalid":null,"timeout":false}
{"label":"phase2-baseline","repeat":1,"position":"known-refutations","mode":"auto","ms":2869,"depth":0,"nps":404,"move":"H5","invalid":null,"timeout":false}
{"label":"phase2-baseline","repeat":1,"position":"known-refutations","mode":"deep15","ms":2890,"depth":0,"nps":401,"move":"H5","invalid":null,"timeout":false}
{"label":"phase2-baseline","repeat":1,"position":"known-refutations","mode":"deep25","ms":2917,"depth":0,"nps":397,"move":"H5","invalid":null,"timeout":false}
{"label":"phase2-baseline","repeat":1,"position":"wide-middle","mode":"fast","ms":887,"depth":1,"nps":39241,"move":"L9","invalid":null,"timeout":false}
{"label":"phase2-baseline","repeat":1,"position":"wide-middle","mode":"compare","ms":1368,"depth":2,"nps":29899,"move":"L9","invalid":null,"timeout":false}
{"label":"phase2-baseline","repeat":1,"position":"wide-middle","mode":"precise","ms":1443,"depth":2,"nps":30202,"move":"L9","invalid":null,"timeout":false}
{"label":"phase2-baseline","repeat":1,"position":"wide-middle","mode":"auto","ms":10371,"depth":5,"nps":1872,"move":"M9","invalid":null,"timeout":false}
{"label":"phase2-baseline","repeat":1,"position":"wide-middle","mode":"deep15","ms":10353,"depth":5,"nps":1823,"move":"M9","invalid":null,"timeout":false}
{"label":"phase2-baseline","repeat":1,"position":"wide-middle","mode":"deep25","ms":10623,"depth":5,"nps":1856,"move":"M9","invalid":null,"timeout":false}
{"label":"phase2-baseline","repeat":1,"position":"complex-middle","mode":"fast","ms":120,"depth":3,"nps":17166,"move":"G6","invalid":null,"timeout":false}
{"label":"phase2-baseline","repeat":1,"position":"complex-middle","mode":"compare","ms":128,"depth":3,"nps":16102,"move":"G6","invalid":null,"timeout":false}
{"label":"phase2-baseline","repeat":1,"position":"complex-middle","mode":"precise","ms":126,"depth":3,"nps":16281,"move":"G6","invalid":null,"timeout":false}
{"label":"phase2-baseline","repeat":1,"position":"complex-middle","mode":"auto","ms":124,"depth":3,"nps":16503,"move":"G6","invalid":null,"timeout":false}
{"label":"phase2-baseline","repeat":1,"position":"complex-middle","mode":"deep15","ms":126,"depth":3,"nps":16242,"move":"G6","invalid":null,"timeout":false}
{"label":"phase2-baseline","repeat":1,"position":"complex-middle","mode":"deep25","ms":123,"depth":3,"nps":16664,"move":"G6","invalid":null,"timeout":false}
{"label":"phase2-baseline","repeat":1,"position":"forbidden-defense","mode":"fast","ms":52,"depth":1,"nps":0,"move":"I5","invalid":null,"timeout":false}
{"label":"phase2-baseline","repeat":1,"position":"forbidden-defense","mode":"compare","ms":42,"depth":1,"nps":0,"move":"I5","invalid":null,"timeout":false}
{"label":"phase2-baseline","repeat":1,"position":"forbidden-defense","mode":"precise","ms":41,"depth":1,"nps":0,"move":"I5","invalid":null,"timeout":false}
{"label":"phase2-baseline","repeat":1,"position":"forbidden-defense","mode":"auto","ms":54,"depth":1,"nps":0,"move":"I5","invalid":null,"timeout":false}
{"label":"phase2-baseline","repeat":1,"position":"forbidden-defense","mode":"deep15","ms":48,"depth":1,"nps":0,"move":"I5","invalid":null,"timeout":false}
{"label":"phase2-baseline","repeat":1,"position":"forbidden-defense","mode":"deep25","ms":54,"depth":1,"nps":0,"move":"I5","invalid":null,"timeout":false}
{"label":"phase2-baseline","repeat":2,"position":"instant-win","mode":"fast","ms":42,"depth":1,"nps":0,"move":"H7","invalid":null,"timeout":false}
{"label":"phase2-baseline","repeat":2,"position":"instant-win","mode":"compare","ms":38,"depth":1,"nps":0,"move":"H7","invalid":null,"timeout":false}
{"label":"phase2-baseline","repeat":2,"position":"instant-win","mode":"precise","ms":64,"depth":1,"nps":0,"move":"H7","invalid":null,"timeout":false}
{"label":"phase2-baseline","repeat":2,"position":"instant-win","mode":"auto","ms":65,"depth":1,"nps":0,"move":"H7","invalid":null,"timeout":false}
{"label":"phase2-baseline","repeat":2,"position":"instant-win","mode":"deep15","ms":57,"depth":1,"nps":0,"move":"H7","invalid":null,"timeout":false}
{"label":"phase2-baseline","repeat":2,"position":"instant-win","mode":"deep25","ms":59,"depth":1,"nps":0,"move":"H7","invalid":null,"timeout":false}
{"label":"phase2-baseline","repeat":2,"position":"mandatory-block","mode":"fast","ms":52,"depth":1,"nps":0,"move":"H12","invalid":null,"timeout":false}
{"label":"phase2-baseline","repeat":2,"position":"mandatory-block","mode":"compare","ms":44,"depth":1,"nps":0,"move":"H12","invalid":null,"timeout":false}
{"label":"phase2-baseline","repeat":2,"position":"mandatory-block","mode":"precise","ms":37,"depth":1,"nps":0,"move":"H12","invalid":null,"timeout":false}
{"label":"phase2-baseline","repeat":2,"position":"mandatory-block","mode":"auto","ms":45,"depth":1,"nps":0,"move":"H12","invalid":null,"timeout":false}
{"label":"phase2-baseline","repeat":2,"position":"mandatory-block","mode":"deep15","ms":34,"depth":1,"nps":0,"move":"H12","invalid":null,"timeout":false}
{"label":"phase2-baseline","repeat":2,"position":"mandatory-block","mode":"deep25","ms":46,"depth":1,"nps":22,"move":"H12","invalid":null,"timeout":false}
{"label":"phase2-baseline","repeat":2,"position":"forcing-four","mode":"fast","ms":55,"depth":1,"nps":37,"move":"H7","invalid":null,"timeout":false}
{"label":"phase2-baseline","repeat":2,"position":"forcing-four","mode":"compare","ms":61,"depth":1,"nps":33,"move":"H7","invalid":null,"timeout":false}
{"label":"phase2-baseline","repeat":2,"position":"forcing-four","mode":"precise","ms":63,"depth":1,"nps":32,"move":"H7","invalid":null,"timeout":false}
{"label":"phase2-baseline","repeat":2,"position":"forcing-four","mode":"auto","ms":81,"depth":1,"nps":25,"move":"H7","invalid":null,"timeout":false}
{"label":"phase2-baseline","repeat":2,"position":"forcing-four","mode":"deep15","ms":69,"depth":1,"nps":29,"move":"H7","invalid":null,"timeout":false}
{"label":"phase2-baseline","repeat":2,"position":"forcing-four","mode":"deep25","ms":70,"depth":1,"nps":29,"move":"H7","invalid":null,"timeout":false}
{"label":"phase2-baseline","repeat":2,"position":"terminal","mode":"fast","ms":40,"depth":0,"nps":0,"move":null,"invalid":null,"timeout":false}
{"label":"phase2-baseline","repeat":2,"position":"terminal","mode":"compare","ms":43,"depth":0,"nps":0,"move":null,"invalid":null,"timeout":false}
{"label":"phase2-baseline","repeat":2,"position":"terminal","mode":"precise","ms":43,"depth":0,"nps":0,"move":null,"invalid":null,"timeout":false}
{"label":"phase2-baseline","repeat":2,"position":"terminal","mode":"auto","ms":60,"depth":0,"nps":0,"move":null,"invalid":null,"timeout":false}
{"label":"phase2-baseline","repeat":2,"position":"terminal","mode":"deep15","ms":57,"depth":0,"nps":0,"move":null,"invalid":null,"timeout":false}
{"label":"phase2-baseline","repeat":2,"position":"terminal","mode":"deep25","ms":48,"depth":0,"nps":0,"move":null,"invalid":null,"timeout":false}
{"label":"phase2-baseline","repeat":2,"position":"sixth-move","mode":"fast","ms":891,"depth":3,"nps":17326,"move":"G8","invalid":null,"timeout":false}
{"label":"phase2-baseline","repeat":2,"position":"sixth-move","mode":"compare","ms":2875,"depth":4,"nps":18539,"move":"I5","invalid":null,"timeout":false}
{"label":"phase2-baseline","repeat":2,"position":"sixth-move","mode":"precise","ms":6651,"depth":5,"nps":17193,"move":"I5","invalid":null,"timeout":false}
{"label":"phase2-baseline","repeat":2,"position":"sixth-move","mode":"auto","ms":13753,"depth":5,"nps":2400,"move":"G8","invalid":null,"timeout":false}
{"label":"phase2-baseline","repeat":2,"position":"sixth-move","mode":"deep15","ms":13782,"depth":5,"nps":2042,"move":"G8","invalid":null,"timeout":false}
{"label":"phase2-baseline","repeat":2,"position":"sixth-move","mode":"deep25","ms":13778,"depth":5,"nps":2070,"move":"G8","invalid":null,"timeout":false}
{"label":"phase2-baseline","repeat":2,"position":"quiet-middle","mode":"fast","ms":900,"depth":3,"nps":16701,"move":"F9","invalid":null,"timeout":false}
{"label":"phase2-baseline","repeat":2,"position":"quiet-middle","mode":"compare","ms":2884,"depth":3,"nps":22514,"move":"F9","invalid":null,"timeout":false}
{"label":"phase2-baseline","repeat":2,"position":"quiet-middle","mode":"precise","ms":6643,"depth":4,"nps":15107,"move":"F9","invalid":null,"timeout":false}
{"label":"phase2-baseline","repeat":2,"position":"quiet-middle","mode":"auto","ms":13761,"depth":6,"nps":1741,"move":"F9","invalid":null,"timeout":false}
{"label":"phase2-baseline","repeat":2,"position":"quiet-middle","mode":"deep15","ms":13752,"depth":6,"nps":2488,"move":"F9","invalid":null,"timeout":false}
{"label":"phase2-baseline","repeat":2,"position":"quiet-middle","mode":"deep25","ms":14066,"depth":6,"nps":1432,"move":"F9","invalid":null,"timeout":false}
{"label":"phase2-baseline","repeat":2,"position":"known-refutations","mode":"fast","ms":913,"depth":0,"nps":22275,"move":"J8","invalid":null,"timeout":false}
{"label":"phase2-baseline","repeat":2,"position":"known-refutations","mode":"compare","ms":2885,"depth":0,"nps":24909,"move":"J8","invalid":null,"timeout":false}
{"label":"phase2-baseline","repeat":2,"position":"known-refutations","mode":"precise","ms":6751,"depth":0,"nps":11480,"move":"J8","invalid":null,"timeout":false}
{"label":"phase2-baseline","repeat":2,"position":"known-refutations","mode":"auto","ms":2881,"depth":0,"nps":402,"move":"H5","invalid":null,"timeout":false}
{"label":"phase2-baseline","repeat":2,"position":"known-refutations","mode":"deep15","ms":2677,"depth":0,"nps":433,"move":"H5","invalid":null,"timeout":false}
{"label":"phase2-baseline","repeat":2,"position":"known-refutations","mode":"deep25","ms":2747,"depth":0,"nps":421,"move":"H5","invalid":null,"timeout":false}
{"label":"phase2-baseline","repeat":2,"position":"wide-middle","mode":"fast","ms":894,"depth":1,"nps":36860,"move":"L9","invalid":null,"timeout":false}
{"label":"phase2-baseline","repeat":2,"position":"wide-middle","mode":"compare","ms":1508,"depth":2,"nps":28592,"move":"L9","invalid":null,"timeout":false}
{"label":"phase2-baseline","repeat":2,"position":"wide-middle","mode":"precise","ms":1378,"depth":2,"nps":33108,"move":"L9","invalid":null,"timeout":false}
{"label":"phase2-baseline","repeat":2,"position":"wide-middle","mode":"auto","ms":13734,"depth":6,"nps":2840,"move":"M9","invalid":null,"timeout":false}
{"label":"phase2-baseline","repeat":2,"position":"wide-middle","mode":"deep15","ms":10364,"depth":5,"nps":2231,"move":"M9","invalid":null,"timeout":false}
{"label":"phase2-baseline","repeat":2,"position":"wide-middle","mode":"deep25","ms":14006,"depth":6,"nps":2334,"move":"M9","invalid":null,"timeout":false}
{"label":"phase2-baseline","repeat":2,"position":"complex-middle","mode":"fast","ms":126,"depth":3,"nps":16346,"move":"G6","invalid":null,"timeout":false}
{"label":"phase2-baseline","repeat":2,"position":"complex-middle","mode":"compare","ms":130,"depth":3,"nps":15853,"move":"G6","invalid":null,"timeout":false}
{"label":"phase2-baseline","repeat":2,"position":"complex-middle","mode":"precise","ms":134,"depth":3,"nps":15321,"move":"G6","invalid":null,"timeout":false}
{"label":"phase2-baseline","repeat":2,"position":"complex-middle","mode":"auto","ms":149,"depth":3,"nps":13797,"move":"G6","invalid":null,"timeout":false}
{"label":"phase2-baseline","repeat":2,"position":"complex-middle","mode":"deep15","ms":132,"depth":3,"nps":15541,"move":"G6","invalid":null,"timeout":false}
{"label":"phase2-baseline","repeat":2,"position":"complex-middle","mode":"deep25","ms":148,"depth":3,"nps":13872,"move":"G6","invalid":null,"timeout":false}
{"label":"phase2-baseline","repeat":2,"position":"forbidden-defense","mode":"fast","ms":47,"depth":1,"nps":0,"move":"I5","invalid":null,"timeout":false}
{"label":"phase2-baseline","repeat":2,"position":"forbidden-defense","mode":"compare","ms":48,"depth":1,"nps":0,"move":"I5","invalid":null,"timeout":false}
{"label":"phase2-baseline","repeat":2,"position":"forbidden-defense","mode":"precise","ms":49,"depth":1,"nps":0,"move":"I5","invalid":null,"timeout":false}
{"label":"phase2-baseline","repeat":2,"position":"forbidden-defense","mode":"auto","ms":73,"depth":1,"nps":0,"move":"I5","invalid":null,"timeout":false}
{"label":"phase2-baseline","repeat":2,"position":"forbidden-defense","mode":"deep15","ms":55,"depth":1,"nps":0,"move":"I5","invalid":null,"timeout":false}
{"label":"phase2-baseline","repeat":2,"position":"forbidden-defense","mode":"deep25","ms":50,"depth":1,"nps":0,"move":"I5","invalid":null,"timeout":false}
