{"kind":"tactical-workers","position":"instant-win","repeat":0,"workers":1,"ms":77,"nps":0,"depth":[0,0],"move":"H7","lag":0.10000000149011612,"refuted":0}
{"kind":"tactical-workers","position":"instant-win","repeat":0,"workers":2,"ms":180,"nps":0,"depth":[0,0],"move":"H12","lag":12.900000005960464,"refuted":0}
{"kind":"tactical-workers","position":"mandatory-block","repeat":0,"workers":1,"ms":40,"nps":25,"depth":[0],"move":"H12","lag":0.7999999970197678,"refuted":0}
{"kind":"tactical-workers","position":"mandatory-block","repeat":0,"workers":2,"ms":43,"nps":23,"depth":[0],"move":"H12","lag":0,"refuted":0}
{"kind":"tactical-workers","position":"forcing-four","repeat":0,"workers":1,"ms":66,"nps":15,"depth":[0],"move":"H7","lag":1.5,"refuted":0}
{"kind":"tactical-workers","position":"forcing-four","repeat":0,"workers":2,"ms":87,"nps":11,"depth":[0],"move":"H7","lag":1,"refuted":0}
{"kind":"tactical-workers","position":"sixth-move","repeat":0,"workers":1,"ms":100,"nps":20,"depth":[0,0],"move":"G8","lag":0.10000000149011612,"refuted":0}
{"kind":"tactical-workers","position":"sixth-move","repeat":0,"workers":2,"ms":107,"nps":19,"depth":[0,0],"move":"G8","lag":1,"refuted":0}
{"kind":"tactical-workers","position":"quiet-middle","repeat":0,"workers":1,"ms":187,"nps":11,"depth":[0,0],"move":"F9","lag":0.8999999985098839,"refuted":0}
{"kind":"tactical-workers","position":"quiet-middle","repeat":0,"workers":2,"ms":248,"nps":8,"depth":[0,0],"move":"F9","lag":1.0999999940395355,"refuted":0}
{"kind":"tactical-workers","position":"wide-middle","repeat":0,"workers":1,"ms":276,"nps":7,"depth":[0,0],"move":"L9","lag":1,"refuted":0}
{"kind":"tactical-workers","position":"wide-middle","repeat":0,"workers":2,"ms":294,"nps":7,"depth":[0,0],"move":"L9","lag":1.2000000029802322,"refuted":0}
{"kind":"tactical-workers","position":"instant-win","repeat":1,"workers":2,"ms":95,"nps":0,"depth":[0,0],"move":"H7","lag":0,"refuted":0}
{"kind":"tactical-workers","position":"instant-win","repeat":1,"workers":1,"ms":97,"nps":0,"depth":[0,0],"move":"H7","lag":0.9000000059604645,"refuted":0}
{"kind":"tactical-workers","position":"mandatory-block","repeat":1,"workers":2,"ms":46,"nps":22,"depth":[0],"move":"H12","lag":0.5999999940395355,"refuted":0}
{"kind":"tactical-workers","position":"mandatory-block","repeat":1,"workers":1,"ms":48,"nps":21,"depth":[0],"move":"H12","lag":0,"refuted":0}
{"kind":"tactical-workers","position":"forcing-four","repeat":1,"workers":2,"ms":39,"nps":26,"depth":[0],"move":"H7","lag":7,"refuted":0}
{"kind":"tactical-workers","position":"forcing-four","repeat":1,"workers":1,"ms":36,"nps":27,"depth":[0],"move":"H7","lag":1,"refuted":0}
{"kind":"tactical-workers","position":"sixth-move","repeat":1,"workers":2,"ms":72,"nps":28,"depth":[0,0],"move":"G8","lag":0.8999999985098839,"refuted":0}
{"kind":"tactical-workers","position":"sixth-move","repeat":1,"workers":1,"ms":85,"nps":24,"depth":[0,0],"move":"G8","lag":0.6000000014901161,"refuted":0}
{"kind":"tactical-workers","position":"quiet-middle","repeat":1,"workers":2,"ms":170,"nps":12,"depth":[0,0],"move":"F9","lag":1.3999999985098839,"refuted":0}
{"kind":"tactical-workers","position":"quiet-middle","repeat":1,"workers":1,"ms":216,"nps":9,"depth":[0,0],"move":"F9","lag":1.0999999940395355,"refuted":0}
{"kind":"tactical-workers","position":"wide-middle","repeat":1,"workers":2,"ms":204,"nps":10,"depth":[0,0],"move":"L9","lag":1,"refuted":0}
{"kind":"tactical-workers","position":"wide-middle","repeat":1,"workers":1,"ms":250,"nps":8,"depth":[0,0],"move":"L9","lag":1,"refuted":0}
{"kind":"tactical-workers","position":"instant-win","repeat":2,"workers":1,"ms":40,"nps":0,"depth":[0,0],"move":"H7","lag":0.19999999552965164,"refuted":0}
{"kind":"tactical-workers","position":"instant-win","repeat":2,"workers":2,"ms":57,"nps":0,"depth":[0,0],"move":"H7","lag":0,"refuted":0}
{"kind":"tactical-workers","position":"mandatory-block","repeat":2,"workers":1,"ms":32,"nps":31,"depth":[0],"move":"H12","lag":1.6000000014901161,"refuted":0}
{"kind":"tactical-workers","position":"mandatory-block","repeat":2,"workers":2,"ms":28,"nps":36,"depth":[0],"move":"H12","lag":1.2000000029802322,"refuted":0}
{"kind":"tactical-workers","position":"forcing-four","repeat":2,"workers":1,"ms":19,"nps":54,"depth":[0],"move":"H7","lag":0,"refuted":0}
{"kind":"tactical-workers","position":"forcing-four","repeat":2,"workers":2,"ms":23,"nps":43,"depth":[0],"move":"H7","lag":1.5999999940395355,"refuted":0}
{"kind":"tactical-workers","position":"sixth-move","repeat":2,"workers":1,"ms":51,"nps":39,"depth":[0,0],"move":"G8","lag":0,"refuted":0}
{"kind":"tactical-workers","position":"sixth-move","repeat":2,"workers":2,"ms":55,"nps":36,"depth":[0,0],"move":"G8","lag":0,"refuted":0}
{"kind":"tactical-workers","position":"quiet-middle","repeat":2,"workers":1,"ms":177,"nps":11,"depth":[0,0],"move":"F9","lag":0.6000000014901161,"refuted":0}
{"kind":"tactical-workers","position":"quiet-middle","repeat":2,"workers":2,"ms":127,"nps":16,"depth":[0,0],"move":"F9","lag":0.6000000014901161,"refuted":0}
{"kind":"tactical-workers","position":"wide-middle","repeat":2,"workers":1,"ms":235,"nps":9,"depth":[0,0],"move":"L9","lag":0.10000000149011612,"refuted":0}
{"kind":"tactical-workers","position":"wide-middle","repeat":2,"workers":2,"ms":161,"nps":12,"depth":[0,0],"move":"L9","lag":0.3999999985098839,"refuted":0}
