{"kind":"workers","position":"instant-win","repeat":0,"workers":1,"ms":599,"nps":0,"depth":[0,0],"move":"H7","lag":1.7000000029802322,"refuted":0}
{"kind":"workers","position":"instant-win","repeat":0,"workers":2,"ms":172,"nps":0,"depth":[0,0],"move":"H7","lag":1.2000000029802322,"refuted":0}
{"kind":"workers","position":"mandatory-block","repeat":0,"workers":1,"ms":2777,"nps":11575,"depth":[3],"move":"H12","lag":1.9000000059604645,"refuted":0}
{"kind":"workers","position":"mandatory-block","repeat":0,"workers":2,"ms":2796,"nps":17860,"depth":[4],"move":"H12","lag":1.1000000014901161,"refuted":0}
{"kind":"workers","position":"forcing-four","repeat":0,"workers":1,"ms":50,"nps":0,"depth":[1],"move":"H7","lag":0.29999999701976776,"refuted":0}
{"kind":"workers","position":"forcing-four","repeat":0,"workers":2,"ms":44,"nps":0,"depth":[1],"move":"H7","lag":0.6000000014901161,"refuted":0}
{"kind":"workers","position":"sixth-move","repeat":0,"workers":1,"ms":2769,"nps":23243,"depth":[3,3],"move":"I5","lag":1.1000000014901161,"refuted":0}
{"kind":"workers","position":"sixth-move","repeat":0,"workers":2,"ms":2771,"nps":48810,"depth":[4,4],"move":"I5","lag":1.1000000014901161,"refuted":0}
{"kind":"workers","position":"quiet-middle","repeat":0,"workers":1,"ms":1931,"nps":25356,"depth":[5,5],"move":"F9","lag":1.3999999985098839,"refuted":0}
{"kind":"workers","position":"quiet-middle","repeat":0,"workers":2,"ms":2775,"nps":31509,"depth":[5,5],"move":"F9","lag":1.1000000014901161,"refuted":0}
{"kind":"workers","position":"wide-middle","repeat":0,"workers":1,"ms":1546,"nps":46487,"depth":[3,5],"move":"L9","lag":1.1000000014901161,"refuted":0}
{"kind":"workers","position":"wide-middle","repeat":0,"workers":2,"ms":2816,"nps":39043,"depth":[3,5],"move":"L9","lag":1.3000000044703484,"refuted":0}
{"kind":"workers","position":"instant-win","repeat":1,"workers":2,"ms":144,"nps":0,"depth":[0,0],"move":"H7","lag":0.6999999955296516,"refuted":0}
{"kind":"workers","position":"instant-win","repeat":1,"workers":1,"ms":79,"nps":0,"depth":[0,0],"move":"H7","lag":0,"refuted":0}
{"kind":"workers","position":"mandatory-block","repeat":1,"workers":2,"ms":2788,"nps":16882,"depth":[4],"move":"H12","lag":1.1000000014901161,"refuted":0}
{"kind":"workers","position":"mandatory-block","repeat":1,"workers":1,"ms":2796,"nps":14276,"depth":[4],"move":"H12","lag":1,"refuted":0}
{"kind":"workers","position":"forcing-four","repeat":1,"workers":2,"ms":62,"nps":0,"depth":[1],"move":"H7","lag":0,"refuted":0}
{"kind":"workers","position":"forcing-four","repeat":1,"workers":1,"ms":49,"nps":0,"depth":[1],"move":"H7","lag":0,"refuted":0}
{"kind":"workers","position":"sixth-move","repeat":1,"workers":2,"ms":2825,"nps":45359,"depth":[4,4],"move":"I5","lag":1.6999999955296516,"refuted":0}
{"kind":"workers","position":"sixth-move","repeat":1,"workers":1,"ms":2784,"nps":21007,"depth":[3,3],"move":"I5","lag":1.1999999955296516,"refuted":0}
{"kind":"workers","position":"quiet-middle","repeat":1,"workers":2,"ms":2838,"nps":22897,"depth":[5,5],"move":"F9","lag":1.3000000044703484,"refuted":0}
{"kind":"workers","position":"quiet-middle","repeat":1,"workers":1,"ms":2168,"nps":20548,"depth":[5,5],"move":"F9","lag":1.2000000029802322,"refuted":0}
{"kind":"workers","position":"wide-middle","repeat":1,"workers":2,"ms":2829,"nps":46439,"depth":[3,5],"move":"L9","lag":1.1000000014901161,"refuted":0}
{"kind":"workers","position":"wide-middle","repeat":1,"workers":1,"ms":1534,"nps":28459,"depth":[3,4],"move":"L9","lag":1.2999999970197678,"refuted":0}
{"kind":"workers","position":"instant-win","repeat":2,"workers":1,"ms":64,"nps":0,"depth":[0,0],"move":"H7","lag":0,"refuted":0}
{"kind":"workers","position":"instant-win","repeat":2,"workers":2,"ms":52,"nps":0,"depth":[0,0],"move":"H7","lag":0,"refuted":0}
{"kind":"workers","position":"mandatory-block","repeat":2,"workers":1,"ms":2756,"nps":22129,"depth":[4],"move":"H12","lag":1,"refuted":0}
{"kind":"workers","position":"mandatory-block","repeat":2,"workers":2,"ms":2875,"nps":16285,"depth":[4],"move":"H12","lag":1.1000000014901161,"refuted":0}
{"kind":"workers","position":"forcing-four","repeat":2,"workers":1,"ms":51,"nps":0,"depth":[1],"move":"H7","lag":1.5999999940395355,"refuted":0}
{"kind":"workers","position":"forcing-four","repeat":2,"workers":2,"ms":42,"nps":0,"depth":[1],"move":"H7","lag":0,"refuted":0}
{"kind":"workers","position":"sixth-move","repeat":2,"workers":1,"ms":2795,"nps":20946,"depth":[4,3],"move":"G8","lag":1.1999999955296516,"refuted":0}
{"kind":"workers","position":"sixth-move","repeat":2,"workers":2,"ms":2996,"nps":27278,"depth":[4,4],"move":"I5","lag":1.5,"refuted":0}
{"kind":"workers","position":"quiet-middle","repeat":2,"workers":1,"ms":2610,"nps":16235,"depth":[5,5],"move":"F9","lag":1,"refuted":0}
{"kind":"workers","position":"quiet-middle","repeat":2,"workers":2,"ms":2772,"nps":35161,"depth":[5,5],"move":"F9","lag":1.1000000014901161,"refuted":0}
{"kind":"workers","position":"wide-middle","repeat":2,"workers":1,"ms":1449,"nps":42395,"depth":[3,4],"move":"L9","lag":1,"refuted":0}
{"kind":"workers","position":"wide-middle","repeat":2,"workers":2,"ms":2780,"nps":53440,"depth":[3,5],"move":"L9","lag":1.0999999940395355,"refuted":0}
