{"label":"phase2-final","repeat":0,"position":"instant-win","mode":"fast","ms":65,"depth":1,"nps":0,"move":"H7","invalid":null,"timeout":false}
{"label":"phase2-final","repeat":0,"position":"instant-win","mode":"compare","ms":70,"depth":1,"nps":0,"move":"H7","invalid":null,"timeout":false}
{"label":"phase2-final","repeat":0,"position":"instant-win","mode":"precise","ms":45,"depth":1,"nps":0,"move":"H7","invalid":null,"timeout":false}
{"label":"phase2-final","repeat":0,"position":"instant-win","mode":"auto","ms":49,"depth":1,"nps":0,"move":"H7","invalid":null,"timeout":false}
{"label":"phase2-final","repeat":0,"position":"instant-win","mode":"deep15","ms":45,"depth":1,"nps":0,"move":"H7","invalid":null,"timeout":false}
{"label":"phase2-final","repeat":0,"position":"instant-win","mode":"deep25","ms":44,"depth":1,"nps":0,"move":"H7","invalid":null,"timeout":false}
{"label":"phase2-final","repeat":0,"position":"mandatory-block","mode":"fast","ms":42,"depth":1,"nps":0,"move":"H12","invalid":null,"timeout":false}
{"label":"phase2-final","repeat":0,"position":"mandatory-block","mode":"compare","ms":36,"depth":1,"nps":0,"move":"H12","invalid":null,"timeout":false}
{"label":"phase2-final","repeat":0,"position":"mandatory-block","mode":"precise","ms":50,"depth":1,"nps":0,"move":"H12","invalid":null,"timeout":false}
{"label":"phase2-final","repeat":0,"position":"mandatory-block","mode":"auto","ms":81,"depth":1,"nps":0,"move":"H12","invalid":null,"timeout":false}
{"label":"phase2-final","repeat":0,"position":"mandatory-block","mode":"deep15","ms":56,"depth":1,"nps":0,"move":"H12","invalid":null,"timeout":false}
{"label":"phase2-final","repeat":0,"position":"mandatory-block","mode":"deep25","ms":54,"depth":1,"nps":19,"move":"H12","invalid":null,"timeout":false}
{"label":"phase2-final","repeat":0,"position":"forcing-four","mode":"fast","ms":90,"depth":1,"nps":22,"move":"H7","invalid":null,"timeout":false}
{"label":"phase2-final","repeat":0,"position":"forcing-four","mode":"compare","ms":88,"depth":1,"nps":23,"move":"H7","invalid":null,"timeout":false}
{"label":"phase2-final","repeat":0,"position":"forcing-four","mode":"precise","ms":73,"depth":1,"nps":27,"move":"H7","invalid":null,"timeout":false}
{"label":"phase2-final","repeat":0,"position":"forcing-four","mode":"auto","ms":85,"depth":1,"nps":24,"move":"H7","invalid":null,"timeout":false}
{"label":"phase2-final","repeat":0,"position":"forcing-four","mode":"deep15","ms":92,"depth":1,"nps":22,"move":"H7","invalid":null,"timeout":false}
{"label":"phase2-final","repeat":0,"position":"forcing-four","mode":"deep25","ms":78,"depth":1,"nps":26,"move":"H7","invalid":null,"timeout":false}
{"label":"phase2-final","repeat":0,"position":"terminal","mode":"fast","ms":50,"depth":0,"nps":0,"move":null,"invalid":null,"timeout":false}
{"label":"phase2-final","repeat":0,"position":"terminal","mode":"compare","ms":41,"depth":0,"nps":0,"move":null,"invalid":null,"timeout":false}
{"label":"phase2-final","repeat":0,"position":"terminal","mode":"precise","ms":59,"depth":0,"nps":0,"move":null,"invalid":null,"timeout":false}
{"label":"phase2-final","repeat":0,"position":"terminal","mode":"auto","ms":58,"depth":0,"nps":0,"move":null,"invalid":null,"timeout":false}
{"label":"phase2-final","repeat":0,"position":"terminal","mode":"deep15","ms":53,"depth":0,"nps":0,"move":null,"invalid":null,"timeout":false}
{"label":"phase2-final","repeat":0,"position":"terminal","mode":"deep25","ms":52,"depth":0,"nps":0,"move":null,"invalid":null,"timeout":false}
{"label":"phase2-final","repeat":0,"position":"sixth-move","mode":"fast","ms":903,"depth":3,"nps":8191,"move":"G8","invalid":null,"timeout":false}
{"label":"phase2-final","repeat":0,"position":"sixth-move","mode":"compare","ms":2914,"depth":4,"nps":17225,"move":"I5","invalid":null,"timeout":false}
{"label":"phase2-final","repeat":0,"position":"sixth-move","mode":"precise","ms":6654,"depth":5,"nps":25242,"move":"I5","invalid":null,"timeout":false}
{"label":"phase2-final","repeat":0,"position":"sixth-move","mode":"auto","ms":13748,"depth":6,"nps":3607,"move":"F7","invalid":null,"timeout":false}
{"label":"phase2-final","repeat":0,"position":"sixth-move","mode":"deep15","ms":13737,"depth":6,"nps":3491,"move":"F7","invalid":null,"timeout":false}
{"label":"phase2-final","repeat":0,"position":"sixth-move","mode":"deep25","ms":13780,"depth":6,"nps":3545,"move":"F7","invalid":null,"timeout":false}
{"label":"phase2-final","repeat":0,"position":"quiet-middle","mode":"fast","ms":885,"depth":3,"nps":25414,"move":"F9","invalid":null,"timeout":false}
{"label":"phase2-final","repeat":0,"position":"quiet-middle","mode":"compare","ms":2867,"depth":4,"nps":32610,"move":"F9","invalid":null,"timeout":false}
{"label":"phase2-final","repeat":0,"position":"quiet-middle","mode":"precise","ms":6643,"depth":5,"nps":30827,"move":"F10","invalid":null,"timeout":false}
{"label":"phase2-final","repeat":0,"position":"quiet-middle","mode":"auto","ms":13759,"depth":6,"nps":3092,"move":"F9","invalid":null,"timeout":false}
{"label":"phase2-final","repeat":0,"position":"quiet-middle","mode":"deep15","ms":13736,"depth":6,"nps":3162,"move":"F9","invalid":null,"timeout":false}
{"label":"phase2-final","repeat":0,"position":"quiet-middle","mode":"deep25","ms":13907,"depth":6,"nps":3151,"move":"F9","invalid":null,"timeout":false}
{"label":"phase2-final","repeat":0,"position":"known-refutations","mode":"fast","ms":894,"depth":0,"nps":43749,"move":"J8","invalid":null,"timeout":false}
{"label":"phase2-final","repeat":0,"position":"known-refutations","mode":"compare","ms":2862,"depth":0,"nps":29928,"move":"J8","invalid":null,"timeout":false}
{"label":"phase2-final","repeat":0,"position":"known-refutations","mode":"precise","ms":6626,"depth":0,"nps":33283,"move":"J8","invalid":null,"timeout":false}
{"label":"phase2-final","repeat":0,"position":"known-refutations","mode":"auto","ms":2643,"depth":0,"nps":438,"move":"H5","invalid":null,"timeout":false}
{"label":"phase2-final","repeat":0,"position":"known-refutations","mode":"deep15","ms":2564,"depth":0,"nps":452,"move":"H5","invalid":null,"timeout":false}
{"label":"phase2-final","repeat":0,"position":"known-refutations","mode":"deep25","ms":2560,"depth":0,"nps":452,"move":"H5","invalid":null,"timeout":false}
{"label":"phase2-final","repeat":0,"position":"wide-middle","mode":"fast","ms":890,"depth":1,"nps":48161,"move":"L9","invalid":null,"timeout":false}
{"label":"phase2-final","repeat":0,"position":"wide-middle","mode":"compare","ms":1158,"depth":2,"nps":41812,"move":"L9","invalid":null,"timeout":false}
{"label":"phase2-final","repeat":0,"position":"wide-middle","mode":"precise","ms":1153,"depth":2,"nps":42489,"move":"L9","invalid":null,"timeout":false}
{"label":"phase2-final","repeat":0,"position":"wide-middle","mode":"auto","ms":10239,"depth":6,"nps":2931,"move":"M9","invalid":null,"timeout":false}
{"label":"phase2-final","repeat":0,"position":"wide-middle","mode":"deep15","ms":10232,"depth":6,"nps":3135,"move":"M9","invalid":null,"timeout":false}
{"label":"phase2-final","repeat":0,"position":"wide-middle","mode":"deep25","ms":10472,"depth":6,"nps":3125,"move":"M9","invalid":null,"timeout":false}
{"label":"phase2-final","repeat":0,"position":"complex-middle","mode":"fast","ms":120,"depth":3,"nps":17137,"move":"G6","invalid":null,"timeout":false}
{"label":"phase2-final","repeat":0,"position":"complex-middle","mode":"compare","ms":126,"depth":3,"nps":16268,"move":"G6","invalid":null,"timeout":false}
{"label":"phase2-final","repeat":0,"position":"complex-middle","mode":"precise","ms":138,"depth":3,"nps":14931,"move":"G6","invalid":null,"timeout":false}
{"label":"phase2-final","repeat":0,"position":"complex-middle","mode":"auto","ms":137,"depth":3,"nps":14964,"move":"G6","invalid":null,"timeout":false}
{"label":"phase2-final","repeat":0,"position":"complex-middle","mode":"deep15","ms":127,"depth":3,"nps":16178,"move":"G6","invalid":null,"timeout":false}
{"label":"phase2-final","repeat":0,"position":"complex-middle","mode":"deep25","ms":115,"depth":3,"nps":17806,"move":"G6","invalid":null,"timeout":false}
{"label":"phase2-final","repeat":0,"position":"forbidden-defense","mode":"fast","ms":59,"depth":1,"nps":0,"move":"I5","invalid":null,"timeout":false}
{"label":"phase2-final","repeat":0,"position":"forbidden-defense","mode":"compare","ms":43,"depth":1,"nps":0,"move":"I5","invalid":null,"timeout":false}
{"label":"phase2-final","repeat":0,"position":"forbidden-defense","mode":"precise","ms":69,"depth":1,"nps":0,"move":"I5","invalid":null,"timeout":false}
{"label":"phase2-final","repeat":0,"position":"forbidden-defense","mode":"auto","ms":53,"depth":1,"nps":0,"move":"I5","invalid":null,"timeout":false}
{"label":"phase2-final","repeat":0,"position":"forbidden-defense","mode":"deep15","ms":51,"depth":1,"nps":0,"move":"I5","invalid":null,"timeout":false}
{"label":"phase2-final","repeat":0,"position":"forbidden-defense","mode":"deep25","ms":39,"depth":1,"nps":0,"move":"I5","invalid":null,"timeout":false}
{"label":"phase2-final","repeat":1,"position":"instant-win","mode":"fast","ms":34,"depth":1,"nps":0,"move":"H7","invalid":null,"timeout":false}
{"label":"phase2-final","repeat":1,"position":"instant-win","mode":"compare","ms":44,"depth":1,"nps":0,"move":"H7","invalid":null,"timeout":false}
{"label":"phase2-final","repeat":1,"position":"instant-win","mode":"precise","ms":37,"depth":1,"nps":0,"move":"H7","invalid":null,"timeout":false}
{"label":"phase2-final","repeat":1,"position":"instant-win","mode":"auto","ms":41,"depth":1,"nps":0,"move":"H7","invalid":null,"timeout":false}
{"label":"phase2-final","repeat":1,"position":"instant-win","mode":"deep15","ms":41,"depth":1,"nps":0,"move":"H7","invalid":null,"timeout":false}
{"label":"phase2-final","repeat":1,"position":"instant-win","mode":"deep25","ms":38,"depth":1,"nps":0,"move":"H7","invalid":null,"timeout":false}
{"label":"phase2-final","repeat":1,"position":"mandatory-block","mode":"fast","ms":37,"depth":1,"nps":0,"move":"H12","invalid":null,"timeout":false}
{"label":"phase2-final","repeat":1,"position":"mandatory-block","mode":"compare","ms":40,"depth":1,"nps":0,"move":"H12","invalid":null,"timeout":false}
{"label":"phase2-final","repeat":1,"position":"mandatory-block","mode":"precise","ms":40,"depth":1,"nps":0,"move":"H12","invalid":null,"timeout":false}
{"label":"phase2-final","repeat":1,"position":"mandatory-block","mode":"auto","ms":43,"depth":1,"nps":0,"move":"H12","invalid":null,"timeout":false}
{"label":"phase2-final","repeat":1,"position":"mandatory-block","mode":"deep15","ms":39,"depth":1,"nps":0,"move":"H12","invalid":null,"timeout":false}
{"label":"phase2-final","repeat":1,"position":"mandatory-block","mode":"deep25","ms":41,"depth":1,"nps":25,"move":"H12","invalid":null,"timeout":false}
{"label":"phase2-final","repeat":1,"position":"forcing-four","mode":"fast","ms":50,"depth":1,"nps":40,"move":"H7","invalid":null,"timeout":false}
{"label":"phase2-final","repeat":1,"position":"forcing-four","mode":"compare","ms":51,"depth":1,"nps":39,"move":"H7","invalid":null,"timeout":false}
{"label":"phase2-final","repeat":1,"position":"forcing-four","mode":"precise","ms":53,"depth":1,"nps":37,"move":"H7","invalid":null,"timeout":false}
{"label":"phase2-final","repeat":1,"position":"forcing-four","mode":"auto","ms":54,"depth":1,"nps":37,"move":"H7","invalid":null,"timeout":false}
{"label":"phase2-final","repeat":1,"position":"forcing-four","mode":"deep15","ms":55,"depth":1,"nps":36,"move":"H7","invalid":null,"timeout":false}
{"label":"phase2-final","repeat":1,"position":"forcing-four","mode":"deep25","ms":55,"depth":1,"nps":36,"move":"H7","invalid":null,"timeout":false}
{"label":"phase2-final","repeat":1,"position":"terminal","mode":"fast","ms":34,"depth":0,"nps":0,"move":null,"invalid":null,"timeout":false}
{"label":"phase2-final","repeat":1,"position":"terminal","mode":"compare","ms":36,"depth":0,"nps":0,"move":null,"invalid":null,"timeout":false}
{"label":"phase2-final","repeat":1,"position":"terminal","mode":"precise","ms":38,"depth":0,"nps":0,"move":null,"invalid":null,"timeout":false}
{"label":"phase2-final","repeat":1,"position":"terminal","mode":"auto","ms":40,"depth":0,"nps":0,"move":null,"invalid":null,"timeout":false}
{"label":"phase2-final","repeat":1,"position":"terminal","mode":"deep15","ms":37,"depth":0,"nps":0,"move":null,"invalid":null,"timeout":false}
{"label":"phase2-final","repeat":1,"position":"terminal","mode":"deep25","ms":38,"depth":0,"nps":0,"move":null,"invalid":null,"timeout":false}
{"label":"phase2-final","repeat":1,"position":"sixth-move","mode":"fast","ms":891,"depth":3,"nps":20713,"move":"G8","invalid":null,"timeout":false}
{"label":"phase2-final","repeat":1,"position":"sixth-move","mode":"compare","ms":2871,"depth":4,"nps":22251,"move":"I5","invalid":null,"timeout":false}
{"label":"phase2-final","repeat":1,"position":"sixth-move","mode":"precise","ms":6630,"depth":5,"nps":31379,"move":"I5","invalid":null,"timeout":false}
{"label":"phase2-final","repeat":1,"position":"sixth-move","mode":"auto","ms":13748,"depth":6,"nps":3626,"move":"F7","invalid":null,"timeout":false}
{"label":"phase2-final","repeat":1,"position":"sixth-move","mode":"deep15","ms":13734,"depth":6,"nps":3421,"move":"F7","invalid":null,"timeout":false}
{"label":"phase2-final","repeat":1,"position":"sixth-move","mode":"deep25","ms":13765,"depth":6,"nps":3664,"move":"F7","invalid":null,"timeout":false}
{"label":"phase2-final","repeat":1,"position":"quiet-middle","mode":"fast","ms":884,"depth":3,"nps":25845,"move":"F9","invalid":null,"timeout":false}
{"label":"phase2-final","repeat":1,"position":"quiet-middle","mode":"compare","ms":2870,"depth":4,"nps":31385,"move":"F9","invalid":null,"timeout":false}
{"label":"phase2-final","repeat":1,"position":"quiet-middle","mode":"precise","ms":6622,"depth":5,"nps":34777,"move":"F10","invalid":null,"timeout":false}
{"label":"phase2-final","repeat":1,"position":"quiet-middle","mode":"auto","ms":13738,"depth":6,"nps":3115,"move":"F9","invalid":null,"timeout":false}
{"label":"phase2-final","repeat":1,"position":"quiet-middle","mode":"deep15","ms":13736,"depth":6,"nps":3201,"move":"F9","invalid":null,"timeout":false}
{"label":"phase2-final","repeat":1,"position":"quiet-middle","mode":"deep25","ms":13938,"depth":6,"nps":2950,"move":"F9","invalid":null,"timeout":false}
{"label":"phase2-final","repeat":1,"position":"known-refutations","mode":"fast","ms":895,"depth":0,"nps":41442,"move":"J8","invalid":null,"timeout":false}
{"label":"phase2-final","repeat":1,"position":"known-refutations","mode":"compare","ms":2866,"depth":0,"nps":30271,"move":"J8","invalid":null,"timeout":false}
{"label":"phase2-final","repeat":1,"position":"known-refutations","mode":"precise","ms":6630,"depth":0,"nps":29976,"move":"J8","invalid":null,"timeout":false}
{"label":"phase2-final","repeat":1,"position":"known-refutations","mode":"auto","ms":2569,"depth":0,"nps":451,"move":"H5","invalid":null,"timeout":false}
{"label":"phase2-final","repeat":1,"position":"known-refutations","mode":"deep15","ms":2572,"depth":0,"nps":450,"move":"H5","invalid":null,"timeout":false}
{"label":"phase2-final","repeat":1,"position":"known-refutations","mode":"deep25","ms":2562,"depth":0,"nps":452,"move":"H5","invalid":null,"timeout":false}
{"label":"phase2-final","repeat":1,"position":"wide-middle","mode":"fast","ms":880,"depth":1,"nps":46288,"move":"L9","invalid":null,"timeout":false}
{"label":"phase2-final","repeat":1,"position":"wide-middle","mode":"compare","ms":1197,"depth":2,"nps":38956,"move":"L9","invalid":null,"timeout":false}
{"label":"phase2-final","repeat":1,"position":"wide-middle","mode":"precise","ms":1245,"depth":2,"nps":38523,"move":"L9","invalid":null,"timeout":false}
{"label":"phase2-final","repeat":1,"position":"wide-middle","mode":"auto","ms":10238,"depth":6,"nps":2974,"move":"M9","invalid":null,"timeout":false}
{"label":"phase2-final","repeat":1,"position":"wide-middle","mode":"deep15","ms":10241,"depth":6,"nps":3068,"move":"M9","invalid":null,"timeout":false}
{"label":"phase2-final","repeat":1,"position":"wide-middle","mode":"deep25","ms":10466,"depth":6,"nps":2779,"move":"M9","invalid":null,"timeout":false}
{"label":"phase2-final","repeat":1,"position":"complex-middle","mode":"fast","ms":110,"depth":3,"nps":18596,"move":"G6","invalid":null,"timeout":false}
{"label":"phase2-final","repeat":1,"position":"complex-middle","mode":"compare","ms":100,"depth":3,"nps":20551,"move":"G6","invalid":null,"timeout":false}
{"label":"phase2-final","repeat":1,"position":"complex-middle","mode":"precise","ms":94,"depth":3,"nps":21887,"move":"G6","invalid":null,"timeout":false}
{"label":"phase2-final","repeat":1,"position":"complex-middle","mode":"auto","ms":116,"depth":3,"nps":17775,"move":"G6","invalid":null,"timeout":false}
{"label":"phase2-final","repeat":1,"position":"complex-middle","mode":"deep15","ms":102,"depth":3,"nps":20167,"move":"G6","invalid":null,"timeout":false}
{"label":"phase2-final","repeat":1,"position":"complex-middle","mode":"deep25","ms":96,"depth":3,"nps":21430,"move":"G6","invalid":null,"timeout":false}
{"label":"phase2-final","repeat":1,"position":"forbidden-defense","mode":"fast","ms":43,"depth":1,"nps":0,"move":"I5","invalid":null,"timeout":false}
{"label":"phase2-final","repeat":1,"position":"forbidden-defense","mode":"compare","ms":45,"depth":1,"nps":0,"move":"I5","invalid":null,"timeout":false}
{"label":"phase2-final","repeat":1,"position":"forbidden-defense","mode":"precise","ms":42,"depth":1,"nps":0,"move":"I5","invalid":null,"timeout":false}
{"label":"phase2-final","repeat":1,"position":"forbidden-defense","mode":"auto","ms":45,"depth":1,"nps":0,"move":"I5","invalid":null,"timeout":false}
{"label":"phase2-final","repeat":1,"position":"forbidden-defense","mode":"deep15","ms":43,"depth":1,"nps":0,"move":"I5","invalid":null,"timeout":false}
{"label":"phase2-final","repeat":1,"position":"forbidden-defense","mode":"deep25","ms":39,"depth":1,"nps":0,"move":"I5","invalid":null,"timeout":false}
{"label":"phase2-final","repeat":2,"position":"instant-win","mode":"fast","ms":37,"depth":1,"nps":0,"move":"H7","invalid":null,"timeout":false}
{"label":"phase2-final","repeat":2,"position":"instant-win","mode":"compare","ms":33,"depth":1,"nps":0,"move":"H7","invalid":null,"timeout":false}
{"label":"phase2-final","repeat":2,"position":"instant-win","mode":"precise","ms":41,"depth":1,"nps":0,"move":"H7","invalid":null,"timeout":false}
{"label":"phase2-final","repeat":2,"position":"instant-win","mode":"auto","ms":40,"depth":1,"nps":0,"move":"H7","invalid":null,"timeout":false}
{"label":"phase2-final","repeat":2,"position":"instant-win","mode":"deep15","ms":40,"depth":1,"nps":0,"move":"H7","invalid":null,"timeout":false}
{"label":"phase2-final","repeat":2,"position":"instant-win","mode":"deep25","ms":33,"depth":1,"nps":0,"move":"H7","invalid":null,"timeout":false}
{"label":"phase2-final","repeat":2,"position":"mandatory-block","mode":"fast","ms":37,"depth":1,"nps":0,"move":"H12","invalid":null,"timeout":false}
{"label":"phase2-final","repeat":2,"position":"mandatory-block","mode":"compare","ms":36,"depth":1,"nps":0,"move":"H12","invalid":null,"timeout":false}
{"label":"phase2-final","repeat":2,"position":"mandatory-block","mode":"precise","ms":34,"depth":1,"nps":0,"move":"H12","invalid":null,"timeout":false}
{"label":"phase2-final","repeat":2,"position":"mandatory-block","mode":"auto","ms":39,"depth":1,"nps":0,"move":"H12","invalid":null,"timeout":false}
{"label":"phase2-final","repeat":2,"position":"mandatory-block","mode":"deep15","ms":35,"depth":1,"nps":0,"move":"H12","invalid":null,"timeout":false}
{"label":"phase2-final","repeat":2,"position":"mandatory-block","mode":"deep25","ms":35,"depth":1,"nps":29,"move":"H12","invalid":null,"timeout":false}
{"label":"phase2-final","repeat":2,"position":"forcing-four","mode":"fast","ms":55,"depth":1,"nps":37,"move":"H7","invalid":null,"timeout":false}
{"label":"phase2-final","repeat":2,"position":"forcing-four","mode":"compare","ms":52,"depth":1,"nps":38,"move":"H7","invalid":null,"timeout":false}
{"label":"phase2-final","repeat":2,"position":"forcing-four","mode":"precise","ms":51,"depth":1,"nps":39,"move":"H7","invalid":null,"timeout":false}
{"label":"phase2-final","repeat":2,"position":"forcing-four","mode":"auto","ms":55,"depth":1,"nps":36,"move":"H7","invalid":null,"timeout":false}
{"label":"phase2-final","repeat":2,"position":"forcing-four","mode":"deep15","ms":51,"depth":1,"nps":40,"move":"H7","invalid":null,"timeout":false}
{"label":"phase2-final","repeat":2,"position":"forcing-four","mode":"deep25","ms":52,"depth":1,"nps":38,"move":"H7","invalid":null,"timeout":false}
{"label":"phase2-final","repeat":2,"position":"terminal","mode":"fast","ms":40,"depth":0,"nps":0,"move":null,"invalid":null,"timeout":false}
{"label":"phase2-final","repeat":2,"position":"terminal","mode":"compare","ms":41,"depth":0,"nps":0,"move":null,"invalid":null,"timeout":false}
{"label":"phase2-final","repeat":2,"position":"terminal","mode":"precise","ms":40,"depth":0,"nps":0,"move":null,"invalid":null,"timeout":false}
{"label":"phase2-final","repeat":2,"position":"terminal","mode":"auto","ms":40,"depth":0,"nps":0,"move":null,"invalid":null,"timeout":false}
{"label":"phase2-final","repeat":2,"position":"terminal","mode":"deep15","ms":31,"depth":0,"nps":0,"move":null,"invalid":null,"timeout":false}
{"label":"phase2-final","repeat":2,"position":"terminal","mode":"deep25","ms":37,"depth":0,"nps":0,"move":null,"invalid":null,"timeout":false}
{"label":"phase2-final","repeat":2,"position":"sixth-move","mode":"fast","ms":884,"depth":3,"nps":23162,"move":"G8","invalid":null,"timeout":false}
{"label":"phase2-final","repeat":2,"position":"sixth-move","mode":"compare","ms":2861,"depth":4,"nps":21187,"move":"I5","invalid":null,"timeout":false}
{"label":"phase2-final","repeat":2,"position":"sixth-move","mode":"precise","ms":6620,"depth":5,"nps":30609,"move":"I5","invalid":null,"timeout":false}
{"label":"phase2-final","repeat":2,"position":"sixth-move","mode":"auto","ms":13752,"depth":6,"nps":3212,"move":"F7","invalid":null,"timeout":false}
{"label":"phase2-final","repeat":2,"position":"sixth-move","mode":"deep15","ms":13739,"depth":6,"nps":3435,"move":"F7","invalid":null,"timeout":false}
{"label":"phase2-final","repeat":2,"position":"sixth-move","mode":"deep25","ms":13772,"depth":6,"nps":3549,"move":"F7","invalid":null,"timeout":false}
{"label":"phase2-final","repeat":2,"position":"quiet-middle","mode":"fast","ms":886,"depth":3,"nps":25842,"move":"F9","invalid":null,"timeout":false}
{"label":"phase2-final","repeat":2,"position":"quiet-middle","mode":"compare","ms":2863,"depth":4,"nps":30702,"move":"F9","invalid":null,"timeout":false}
{"label":"phase2-final","repeat":2,"position":"quiet-middle","mode":"precise","ms":6630,"depth":5,"nps":33588,"move":"F10","invalid":null,"timeout":false}
{"label":"phase2-final","repeat":2,"position":"quiet-middle","mode":"auto","ms":13746,"depth":6,"nps":2343,"move":"F9","invalid":null,"timeout":false}
{"label":"phase2-final","repeat":2,"position":"quiet-middle","mode":"deep15","ms":13755,"depth":6,"nps":3041,"move":"F9","invalid":null,"timeout":false}
{"label":"phase2-final","repeat":2,"position":"quiet-middle","mode":"deep25","ms":13919,"depth":6,"nps":2940,"move":"F9","invalid":null,"timeout":false}
{"label":"phase2-final","repeat":2,"position":"known-refutations","mode":"fast","ms":884,"depth":0,"nps":41504,"move":"J8","invalid":null,"timeout":false}
{"label":"phase2-final","repeat":2,"position":"known-refutations","mode":"compare","ms":2868,"depth":0,"nps":29601,"move":"J8","invalid":null,"timeout":false}
{"label":"phase2-final","repeat":2,"position":"known-refutations","mode":"precise","ms":6624,"depth":0,"nps":31801,"move":"J8","invalid":null,"timeout":false}
{"label":"phase2-final","repeat":2,"position":"known-refutations","mode":"auto","ms":2581,"depth":0,"nps":449,"move":"H5","invalid":null,"timeout":false}
{"label":"phase2-final","repeat":2,"position":"known-refutations","mode":"deep15","ms":2558,"depth":0,"nps":453,"move":"H5","invalid":null,"timeout":false}
{"label":"phase2-final","repeat":2,"position":"known-refutations","mode":"deep25","ms":2563,"depth":0,"nps":452,"move":"H5","invalid":null,"timeout":false}
{"label":"phase2-final","repeat":2,"position":"wide-middle","mode":"fast","ms":891,"depth":1,"nps":46573,"move":"L9","invalid":null,"timeout":false}
{"label":"phase2-final","repeat":2,"position":"wide-middle","mode":"compare","ms":1178,"depth":2,"nps":40639,"move":"L9","invalid":null,"timeout":false}
{"label":"phase2-final","repeat":2,"position":"wide-middle","mode":"precise","ms":1160,"depth":2,"nps":41761,"move":"L9","invalid":null,"timeout":false}
{"label":"phase2-final","repeat":2,"position":"wide-middle","mode":"auto","ms":10315,"depth":6,"nps":2827,"move":"M9","invalid":null,"timeout":false}
{"label":"phase2-final","repeat":2,"position":"wide-middle","mode":"deep15","ms":10246,"depth":6,"nps":2878,"move":"M9","invalid":null,"timeout":false}
{"label":"phase2-final","repeat":2,"position":"wide-middle","mode":"deep25","ms":10514,"depth":6,"nps":3208,"move":"M9","invalid":null,"timeout":false}
{"label":"phase2-final","repeat":2,"position":"complex-middle","mode":"fast","ms":184,"depth":3,"nps":11170,"move":"G6","invalid":null,"timeout":false}
{"label":"phase2-final","repeat":2,"position":"complex-middle","mode":"compare","ms":124,"depth":3,"nps":16530,"move":"G6","invalid":null,"timeout":false}
{"label":"phase2-final","repeat":2,"position":"complex-middle","mode":"precise","ms":105,"depth":3,"nps":19571,"move":"G6","invalid":null,"timeout":false}
{"label":"phase2-final","repeat":2,"position":"complex-middle","mode":"auto","ms":107,"depth":3,"nps":19277,"move":"G6","invalid":null,"timeout":false}
{"label":"phase2-final","repeat":2,"position":"complex-middle","mode":"deep15","ms":104,"depth":3,"nps":19836,"move":"G6","invalid":null,"timeout":false}
{"label":"phase2-final","repeat":2,"position":"complex-middle","mode":"deep25","ms":98,"depth":3,"nps":21013,"move":"G6","invalid":null,"timeout":false}
{"label":"phase2-final","repeat":2,"position":"forbidden-defense","mode":"fast","ms":44,"depth":1,"nps":0,"move":"I5","invalid":null,"timeout":false}
{"label":"phase2-final","repeat":2,"position":"forbidden-defense","mode":"compare","ms":37,"depth":1,"nps":0,"move":"I5","invalid":null,"timeout":false}
{"label":"phase2-final","repeat":2,"position":"forbidden-defense","mode":"precise","ms":38,"depth":1,"nps":0,"move":"I5","invalid":null,"timeout":false}
{"label":"phase2-final","repeat":2,"position":"forbidden-defense","mode":"auto","ms":45,"depth":1,"nps":0,"move":"I5","invalid":null,"timeout":false}
{"label":"phase2-final","repeat":2,"position":"forbidden-defense","mode":"deep15","ms":39,"depth":1,"nps":0,"move":"I5","invalid":null,"timeout":false}
{"label":"phase2-final","repeat":2,"position":"forbidden-defense","mode":"deep25","ms":44,"depth":1,"nps":0,"move":"I5","invalid":null,"timeout":false}
